Component: ARM Compiler 5.06 update 1 (build 61) Tool: armlink [4d35a8]

==============================================================================

Section Cross References

    main.o(i.Handle_0x07) refers to jbus.o(i.JBUS_FillBuffer) for JBUS_FillBuffer
    main.o(i.Handle_0x07) refers to jbus.o(i.JBUS_StartDataSend) for JBUS_StartDataSend
    main.o(i.Handle_0x10) refers to tim3.o(i.TIM3_SetPWM) for TIM3_SetPWM
    main.o(i.Handle_0x10) refers to jbus.o(i.JBUS_Finish_Handle) for JBUS_Finish_Handle
    main.o(i.Handle_0x11) refers to tim3.o(i.TIM3_SetPWM) for TIM3_SetPWM
    main.o(i.Handle_0x11) refers to lcdui.o(i.UI_Change_CPU_Usage) for UI_Change_CPU_Usage
    main.o(i.Handle_0x11) refers to lcdui.o(i.UI_Change_CPU_Temp) for UI_Change_CPU_Temp
    main.o(i.Handle_0x11) refers to lcdui.o(i.UI_Change_GPU_Usage) for UI_Change_GPU_Usage
    main.o(i.Handle_0x11) refers to lcdui.o(i.UI_Change_GPU_Temp) for UI_Change_GPU_Temp
    main.o(i.Handle_0x11) refers to lcdui.o(i.UI_Change_CPU_Freq) for UI_Change_CPU_Freq
    main.o(i.Handle_0x11) refers to lcdui.o(i.UI_Change_CPU_Pwr) for UI_Change_CPU_Pwr
    main.o(i.Handle_0x11) refers to lcdui.o(i.UI_Change_GRAM_Info) for UI_Change_GRAM_Info
    main.o(i.Handle_0x11) refers to lcdui.o(i.UI_Change_GPU_Misc) for UI_Change_GPU_Misc
    main.o(i.Handle_0x11) refers to jbus.o(i.JBUS_Finish_Handle) for JBUS_Finish_Handle
    main.o(i.LED_Init) refers to stm32f10x_rcc.o(i.RCC_APB2PeriphClockCmd) for RCC_APB2PeriphClockCmd
    main.o(i.LED_Init) refers to stm32f10x_gpio.o(i.GPIO_Init) for GPIO_Init
    main.o(i.LED_Init) refers to stm32f10x_gpio.o(i.GPIO_SetBits) for GPIO_SetBits
    main.o(i.main) refers to system_stm32f10x.o(i.SystemInit) for SystemInit
    main.o(i.main) refers to delay.o(i.delay_init) for delay_init
    main.o(i.main) refers to tim3.o(i.TIM3_Init) for TIM3_Init
    main.o(i.main) refers to tim3.o(i.TIM3_SetPWM) for TIM3_SetPWM
    main.o(i.main) refers to delay.o(i.delay_ms) for delay_ms
    system_stm32f10x.o(i.SetSysClock) refers to system_stm32f10x.o(i.SetSysClockTo72) for SetSysClockTo72
    system_stm32f10x.o(i.SystemCoreClockUpdate) refers to system_stm32f10x.o(.data) for SystemCoreClock
    system_stm32f10x.o(i.SystemInit) refers to system_stm32f10x.o(i.SetSysClock) for SetSysClock
    lcdui.o(i.UI_Change_CPU_Freq) refers to lcdui.o(i.UI_DrawString_32x16) for UI_DrawString_32x16
    lcdui.o(i.UI_Change_CPU_Pwr) refers to lcdui.o(i.UI_DrawString_32x16) for UI_DrawString_32x16
    lcdui.o(i.UI_Change_CPU_Temp) refers to lcdui.o(i.UI_DrawChar_32x16) for UI_DrawChar_32x16
    lcdui.o(i.UI_Change_CPU_Usage) refers to lcdui.o(i.UI_DrawChar_32x16) for UI_DrawChar_32x16
    lcdui.o(i.UI_Change_GPU_Misc) refers to lcdui.o(i.UI_DrawString_16x8) for UI_DrawString_16x8
    lcdui.o(i.UI_Change_GPU_Temp) refers to lcdui.o(i.UI_DrawString_32x16) for UI_DrawString_32x16
    lcdui.o(i.UI_Change_GPU_Usage) refers to lcdui.o(i.UI_DrawString_32x16) for UI_DrawString_32x16
    lcdui.o(i.UI_Change_GRAM_Info) refers to lcdui.o(i.UI_DrawString_16x8) for UI_DrawString_16x8
    lcdui.o(i.UI_DrawString_12x16) refers to lcdui.o(i.UI_DrawChar_12x16) for UI_DrawChar_12x16
    lcdui.o(i.UI_DrawString_12x16_Ex) refers to lcdui.o(i.UI_DrawChar_12x16) for UI_DrawChar_12x16
    lcdui.o(i.UI_DrawString_16x8) refers to lcdui.o(i.UI_DrawChar_16x8) for UI_DrawChar_16x8
    lcdui.o(i.UI_DrawString_24x12) refers to lcdui.o(i.UI_DrawChar_24x12) for UI_DrawChar_24x12
    lcdui.o(i.UI_DrawString_32x16) refers to lcdui.o(i.UI_DrawChar_32x16) for UI_DrawChar_32x16
    lcdui.o(i.UI_FillRec) refers to lcd.o(i.LCD_SetWindows) for LCD_SetWindows
    lcdui.o(i.UI_FillRec) refers to lcd.o(i.Lcd_WriteData_16Bit) for Lcd_WriteData_16Bit
    lcdui.o(i.UI_PrintFrame) refers to lcdui.o(i.UI_DrawString_32x16) for UI_DrawString_32x16
    lcdui.o(i.UI_PrintFrame) refers to lcdui.o(i.UI_DrawString_16x8) for UI_DrawString_16x8
    lcdui.o(i.UI_PrintFrame) refers to lcdui.o(i.UI_DrawChar_16x8) for UI_DrawChar_16x8
    lcdui.o(i.UI_PrintFrame) refers to lcdui.o(.constdata) for .constdata
    lcdui.o(i.UI_TestDraw) refers to lcdui.o(i.UI_FillRec) for UI_FillRec
    lcdui.o(i.UI_TestDraw) refers to lcdui.o(i.UI_DrawString_32x16) for UI_DrawString_32x16
    lcdui.o(i.UI_TestDraw) refers to lcdui.o(i.UI_DrawString_24x12) for UI_DrawString_24x12
    lcdui.o(i.UI_TestDraw) refers to lcdui.o(i.UI_DrawString_16x8) for UI_DrawString_16x8
    delay.o(i.delay_init) refers to misc.o(i.SysTick_CLKSourceConfig) for SysTick_CLKSourceConfig
    delay.o(i.delay_init) refers to system_stm32f10x.o(.data) for SystemCoreClock
    delay.o(i.delay_init) refers to delay.o(.data) for fac_us
    delay.o(i.delay_ms) refers to delay.o(.data) for fac_ms
    delay.o(i.delay_us) refers to delay.o(.data) for fac_us
    usart.o(i.USART1_IRQHandler) refers (Special) to use_no_semi_2.o(.text) for __use_no_semihosting
    usart.o(i.USART1_IRQHandler) refers to stm32f10x_usart.o(i.USART_GetITStatus) for USART_GetITStatus
[...]
    Removing stm32f10x_tim.o(i.TIM_SetCompare1), (4 bytes).
    Removing stm32f10x_tim.o(i.TIM_SetCompare3), (4 bytes).
    Removing stm32f10x_tim.o(i.TIM_SetCompare4), (6 bytes).
    Removing stm32f10x_tim.o(i.TIM_SetCounter), (4 bytes).
    Removing stm32f10x_tim.o(i.TIM_SetIC1Prescaler), (18 bytes).
    Removing stm32f10x_tim.o(i.TIM_SetIC2Prescaler), (26 bytes).
    Removing stm32f10x_tim.o(i.TIM_SetIC3Prescaler), (18 bytes).
    Removing stm32f10x_tim.o(i.TIM_SetIC4Prescaler), (26 bytes).
    Removing stm32f10x_tim.o(i.TIM_TIxExternalClockConfig), (62 bytes).
    Removing stm32f10x_tim.o(i.TIM_TimeBaseStructInit), (18 bytes).
    Removing stm32f10x_tim.o(i.TIM_UpdateDisableConfig), (24 bytes).
    Removing stm32f10x_tim.o(i.TIM_UpdateRequestConfig), (24 bytes).
    Removing stm32f10x_usart.o(i.USART_ClearFlag), (18 bytes).
    Removing stm32f10x_usart.o(i.USART_ClearITPendingBit), (30 bytes).
    Removing stm32f10x_usart.o(i.USART_ClockInit), (34 bytes).
    Removing stm32f10x_usart.o(i.USART_ClockStructInit), (12 bytes).
    Removing stm32f10x_usart.o(i.USART_Cmd), (24 bytes).
    Removing stm32f10x_usart.o(i.USART_DMACmd), (18 bytes).
    Removing stm32f10x_usart.o(i.USART_DeInit), (156 bytes).
    Removing stm32f10x_usart.o(i.USART_GetFlagStatus), (26 bytes).
    Removing stm32f10x_usart.o(i.USART_HalfDuplexCmd), (24 bytes).
    Removing stm32f10x_usart.o(i.USART_ITConfig), (74 bytes).
    Removing stm32f10x_usart.o(i.USART_Init), (216 bytes).
    Removing stm32f10x_usart.o(i.USART_IrDACmd), (24 bytes).
    Removing stm32f10x_usart.o(i.USART_IrDAConfig), (18 bytes).
    Removing stm32f10x_usart.o(i.USART_LINBreakDetectLengthConfig), (18 bytes).
    Removing stm32f10x_usart.o(i.USART_LINCmd), (24 bytes).
    Removing stm32f10x_usart.o(i.USART_OneBitMethodCmd), (24 bytes).
    Removing stm32f10x_usart.o(i.USART_OverSampling8Cmd), (22 bytes).
    Removing stm32f10x_usart.o(i.USART_ReceiverWakeUpCmd), (24 bytes).
    Removing stm32f10x_usart.o(i.USART_SendBreak), (10 bytes).
    Removing stm32f10x_usart.o(i.USART_SendData), (8 bytes).
    Removing stm32f10x_usart.o(i.USART_SetAddress), (18 bytes).
    Removing stm32f10x_usart.o(i.USART_SetGuardTime), (16 bytes).
    Removing stm32f10x_usart.o(i.USART_SetPrescaler), (16 bytes).
    Removing stm32f10x_usart.o(i.USART_SmartCardCmd), (24 bytes).
    Removing stm32f10x_usart.o(i.USART_SmartCardNACKCmd), (24 bytes).
    Removing stm32f10x_usart.o(i.USART_StructInit), (24 bytes).
    Removing stm32f10x_usart.o(i.USART_WakeUpConfig), (18 bytes).
    Removing stm32f10x_wwdg.o(i.WWDG_ClearFlag), (12 bytes).
    Removing stm32f10x_wwdg.o(i.WWDG_DeInit), (22 bytes).
    Removing stm32f10x_wwdg.o(i.WWDG_Enable), (16 bytes).
    Removing stm32f10x_wwdg.o(i.WWDG_EnableIT), (12 bytes).
    Removing stm32f10x_wwdg.o(i.WWDG_GetFlagStatus), (12 bytes).
    Removing stm32f10x_wwdg.o(i.WWDG_SetCounter), (16 bytes).
    Removing stm32f10x_wwdg.o(i.WWDG_SetPrescaler), (24 bytes).
    Removing stm32f10x_wwdg.o(i.WWDG_SetWindowValue), (40 bytes).
    Removing lcd.o(i.LCD_Clear), (96 bytes).
    Removing lcd.o(i.LCD_GPIOInit), (44 bytes).
    Removing lcd.o(i.LCD_Init), (440 bytes).
    Removing lcd.o(i.LCD_RESET), (40 bytes).
    Removing lcd.o(i.LCD_SetWindows), (88 bytes).
    Removing lcd.o(i.LCD_direction), (140 bytes).
    Removing lcd.o(.bss), (14 bytes).
    Removing lcd.o(.data), (6 bytes).
    Removing spi.o(i.SPI2_Init), (156 bytes).
    Removing spi.o(i.SPI_SetSpeed), (38 bytes).
    Removing spi.o(i.SPI_WriteByte), (34 bytes).
    Removing hw_config.o(i.Set_USBClock), (18 bytes).
    Removing hw_config.o(i.USB_Interrupts_Config), (84 bytes).
    Removing hw_config.o(i.USB_Port_Set), (88 bytes).
    Removing hw_config.o(i.USB_Send), (52 bytes).
    Removing hw_config.o(i.USB_Send_64), (54 bytes).
    Removing hw_config.o(i.USB_Send_Chars), (104 bytes).
    Removing hw_config.o(.data), (2 bytes).
    Removing usb_endp.o(.data), (2 bytes).
    Removing usb_pwr.o(i.PowerOff), (32 bytes).
    Removing usb_init.o(i.USB_Init), (60 bytes).
    Removing usb_int.o(i.CTR_HP), (200 bytes).
    Removing usb_regs.o(i.ClearEPDoubleBuff), (40 bytes).
    Removing usb_regs.o(i.ClearEP_CTR_RX), (36 bytes).
    Removing usb_regs.o(i.ClearEP_CTR_TX), (32 bytes).
    Removing usb_regs.o(i.ClearEP_KIND), (40 bytes).
    Removing usb_regs.o(i.FreeUserBuffer), (84 bytes).
    Removing usb_regs.o(i.GetBTABLE), (12 bytes).
    Removing usb_regs.o(i.GetCNTR), (12 bytes).
    Removing usb_regs.o(i.GetDADDR), (12 bytes).
    Removing usb_regs.o(i.GetENDPOINT), (20 bytes).
    Removing usb_regs.o(i.GetEPAddress), (24 bytes).
    Removing usb_regs.o(i.GetEPDblBuf0Addr), (32 bytes).
    Removing usb_regs.o(i.GetEPDblBuf0Count), (36 bytes).
    Removing usb_regs.o(i.GetEPDblBuf1Addr), (32 bytes).
    Removing usb_regs.o(i.GetEPDblBuf1Count), (36 bytes).
    Removing usb_regs.o(i.GetEPDblBufDir), (72 bytes).
    Removing usb_regs.o(i.GetEPRxStatus), (24 bytes).
    Removing usb_regs.o(i.GetEPTxCount), (36 bytes).
    Removing usb_regs.o(i.GetEPTxStatus), (24 bytes).
    Removing usb_regs.o(i.GetEPType), (24 bytes).
    Removing usb_regs.o(i.GetFNR), (12 bytes).
    Removing usb_regs.o(i.GetISTR), (12 bytes).
    Removing usb_regs.o(i.GetRxStallStatus), (36 bytes).
    Removing usb_regs.o(i.GetTxStallStatus), (32 bytes).
    Removing usb_regs.o(i.SetCNTR), (12 bytes).
    Removing usb_regs.o(i.SetDADDR), (12 bytes).
    Removing usb_regs.o(i.SetDouBleBuffEPStall), (60 bytes).
    Removing usb_regs.o(i.SetENDPOINT), (16 bytes).
    Removing usb_regs.o(i.SetEPAddress), (44 bytes).
    Removing usb_regs.o(i.SetEPCountRxReg), (48 bytes).
    Removing usb_regs.o(i.SetEPDblBuf0Addr), (32 bytes).
    Removing usb_regs.o(i.SetEPDblBuf0Count), (104 bytes).
    Removing usb_regs.o(i.SetEPDblBuf1Addr), (36 bytes).
    Removing usb_regs.o(i.SetEPDblBuf1Count), (104 bytes).
    Removing usb_regs.o(i.SetEPDblBuffAddr), (52 bytes).
    Removing usb_regs.o(i.SetEPDblBuffCount), (196 bytes).
    Removing usb_regs.o(i.SetEPDoubleBuff), (44 bytes).
    Removing usb_regs.o(i.SetEPTxValid), (52 bytes).
    Removing usb_regs.o(i.SetEP_KIND), (44 bytes).
    Removing usb_regs.o(i.SetISTR), (12 bytes).
    Removing usb_regs.o(i.Set_Status_Out), (44 bytes).
    Removing usb_regs.o(i.ToWord), (8 bytes).
    Removing usb_regs.o(i.ToggleDTOG_RX), (40 bytes).
    Removing usb_regs.o(i.ToggleDTOG_TX), (40 bytes).
    Removing usb_sil.o(i.USB_SIL_Read), (46 bytes).
    Removing usb_sil.o(i.USB_SIL_Write), (46 bytes).
    Removing jbus.o(i.Append_TXBuffer), (12 bytes).
    Removing jbus.o(i.Check_Frame), (76 bytes).
    Removing jbus.o(i.Fill_SendBuff), (264 bytes).
    Removing jbus.o(i.Get_CRC16), (56 bytes).
    Removing jbus.o(i.Get_Sum), (50 bytes).
    Removing jbus.o(i.JBUS_Bind_Handler), (28 bytes).
    Removing jbus.o(i.JBUS_Delete_Handler), (16 bytes).
    Removing jbus.o(i.JBUS_Execution), (92 bytes).
    Removing jbus.o(i.JBUS_FillBuffer), (48 bytes).
    Removing jbus.o(i.JBUS_FinishDataSend), (56 bytes).
    Removing jbus.o(i.JBUS_Init), (2 bytes).
    Removing jbus.o(i.JBUS_StartDataSend), (68 bytes).
    Removing jbus.o(i.Send_Data), (24 bytes).
    Removing jbus.o(i.SwapEndian), (24 bytes).
    Removing jbus.o(.constdata), (523 bytes).
    Removing mygpio.o(i.MyGPIO_Init), (92 bytes).
    Removing mygpio.o(i.MyGPIO_ScanMode), (72 bytes).
    Removing mygpio.o(.data), (1 bytes).
    Removing tim4_beep.o(i.Beep_Init), (152 bytes).
    Removing tim4_beep.o(i.Beep_StartAlways), (48 bytes).
    Removing tim4_beep.o(i.Beep_Stop), (16 bytes).
    Removing lcdui.o(i.UI_DrawChar_32x16), (104 bytes).
    Removing lcdui.o(i.UI_DrawChar_16x8), (100 bytes).
    Removing lcdui.o(i.UI_DrawChar_24x12), (124 bytes).
    Removing lcdui.o(i.UI_DrawChar_12x16), (120 bytes).
    Removing lcd.o(i.LCD_WR_REG), (44 bytes).
    Removing lcd.o(i.LCD_WR_DATA), (48 bytes).
    Removing lcd.o(i.LCD_WriteReg), (20 bytes).
    Removing lcd.o(i.LCD_WriteRAM_Prepare), (16 bytes).
    Removing lcd.o(i.Lcd_WriteData_16Bit), (34 bytes).
    Removing lcd.o(i.LCD_SetCursor), (20 bytes).
    Removing lcd.o(i.LCD_DrawPoint), (28 bytes).
    Removing hw_config.o(i.USB_AppendBuff), (28 bytes).
    Removing jbus.o(i.SwapEndian16), (28 bytes).
    Removing jbus.o(i.SwapEndian32), (38 bytes).
    Removing jbus.o(i.JBUS_GetBufferPtr), (8 bytes).
    Removing jbus.o(i.JBUS_ShiftWorkPtr), (20 bytes).
    Removing jbus.o(i.JBUS_Finish_Handle), (24 bytes).

594 unused section(s) (total 44298 bytes) removed from the image.

==============================================================================

Image Symbol Table

    Local Symbols

    Symbol Name                              Value     Ov Type        Size  Object(Section)

    ../clib/angel/boardlib.s                 0x00000000   Number         0  boardinit3.o ABSOLUTE
    ../clib/angel/boardlib.s                 0x00000000   Number         0  boardinit2.o ABSOLUTE
    ../clib/angel/boardlib.s                 0x00000000   Number         0  boardinit1.o ABSOLUTE
    ../clib/angel/boardlib.s                 0x00000000   Number         0  boardshut.o ABSOLUTE
    ../clib/angel/dczerorl2.s                0x00000000   Number         0  __dczerorl2.o ABSOLUTE
    ../clib/angel/handlers.s                 0x00000000   Number         0  __scatter_zi.o ABSOLUTE
    ../clib/angel/kernel.s                   0x00000000   Number         0  __rtentry.o ABSOLUTE
    ../clib/angel/kernel.s                   0x00000000   Number         0  __rtentry4.o ABSOLUTE
    ../clib/angel/kernel.s                   0x00000000   Number         0  __rtentry2.o ABSOLUTE
    ../clib/angel/kernel.s                   0x00000000   Number         0  rtexit2.o ABSOLUTE
    ../clib/angel/kernel.s                   0x00000000   Number         0  rtexit.o ABSOLUTE
    ../clib/angel/rt.s                       0x00000000   Number         0  rt_raise.o ABSOLUTE
    ../clib/angel/scatter.s                  0x00000000   Number         0  __scatter.o ABSOLUTE
    ../clib/angel/startup.s                  0x00000000   Number         0  __main.o ABSOLUTE
    ../clib/angel/sys.s                      0x00000000   Number         0  use_no_semi_2.o ABSOLUTE
    ../clib/angel/sys.s                      0x00000000   Number         0  use_no_semi.o ABSOLUTE
    ../clib/angel/sys.s                      0x00000000   Number         0  sys_stackheap_outer.o ABSOLUTE
    ../clib/angel/sys.s                      0x00000000   Number         0  libspace.o ABSOLUTE
    ../clib/angel/sys.s                      0x00000000   Number         0  indicate_semi.o ABSOLUTE
    ../clib/angel/sysapp.c                   0x00000000   Number         0  sys_command.o ABSOLUTE
    ../clib/angel/sysapp.c                   0x00000000   Number         0  sys_wrch.o ABSOLUTE
    ../clib/armsys.c                         0x00000000   Number         0  no_argv.o ABSOLUTE
    ../clib/armsys.c                         0x00000000   Number         0  argv_veneer.o ABSOLUTE
    ../clib/armsys.c                         0x00000000   Number         0  argv_veneer.o ABSOLUTE
    ../clib/armsys.c                         0x00000000   Number         0  _get_argv_nomalloc.o ABSOLUTE
    ../clib/heapalloc.c                      0x00000000   Number         0  hrguard.o ABSOLUTE
    ../clib/heapaux.c                        0x00000000   Number         0  heapauxi.o ABSOLUTE
    ../clib/libinit.s                        0x00000000   Number         0  libshutdown2.o ABSOLUTE
    ../clib/libinit.s                        0x00000000   Number         0  libshutdown.o ABSOLUTE
    ../clib/libinit.s                        0x00000000   Number         0  libinit2.o ABSOLUTE
    ../clib/libinit.s                        0x00000000   Number         0  libinit.o ABSOLUTE
    ../clib/memcpset.s                       0x00000000   Number         0  rt_memclr_w.o ABSOLUTE
    ../clib/memcpset.s                       0x00000000   Number         0  rt_memcpy_w.o ABSOLUTE
    ../clib/memcpset.s                       0x00000000   Number         0  rt_memcpy_v6.o ABSOLUTE
    ../clib/signal.c                         0x00000000   Number         0  defsig_segv_inner.o ABSOLUTE
    ../clib/signal.c                         0x00000000   Number         0  defsig_stak_inner.o ABSOLUTE
    ../clib/signal.c                         0x00000000   Number         0  defsig_rtred_inner.o ABSOLUTE
    ../clib/signal.c                         0x00000000   Number         0  defsig_fpe_inner.o ABSOLUTE
    ../clib/signal.c                         0x00000000   Number         0  defsig_rtmem_inner.o ABSOLUTE
    ../clib/signal.c                         0x00000000   Number         0  defsig_other.o ABSOLUTE
    ../clib/signal.c                         0x00000000   Number         0  __raise.o ABSOLUTE
    ../clib/signal.c                         0x00000000   Number         0  defsig_rtmem_outer.o ABSOLUTE
    ../clib/signal.c                         0x00000000   Number         0  defsig_rtmem_formal.o ABSOLUTE
    ../clib/signal.c                         0x00000000   Number         0  defsig_cppl_inner.o ABSOLUTE
    ../clib/signal.c                         0x00000000   Number         0  defsig_exit.o ABSOLUTE
    ../clib/signal.c                         0x00000000   Number         0  defsig_pvfn_inner.o ABSOLUTE
    ../clib/signal.c                         0x00000000   Number         0  defsig_general.o ABSOLUTE
    ../clib/signal.c                         0x00000000   Number         0  defsig_abrt_inner.o ABSOLUTE
    ../clib/signal.s                         0x00000000   Number         0  defsig.o ABSOLUTE
    ../clib/stdlib.c                         0x00000000   Number         0  exit.o ABSOLUTE
    ../fplib/fpinit.s                        0x00000000   Number         0  fpinit.o ABSOLUTE
    ..\CORE\core_cm3.c                       0x00000000   Number         0  core_cm3.o ABSOLUTE
    ..\CORE\startup_stm32f10x_hd.s           0x00000000   Number         0  startup_stm32f10x_hd.o ABSOLUTE
    ..\Hardware\JBUS.c                       0x00000000   Number         0  jbus.o ABSOLUTE
    ..\Hardware\SPI.c                        0x00000000   Number         0  spi.o ABSOLUTE
    ..\Hardware\USB\Conf\hw_config.c         0x00000000   Number         0  hw_config.o ABSOLUTE
    ..\Hardware\USB\Conf\usb_desc.c          0x00000000   Number         0  usb_desc.o ABSOLUTE
    ..\Hardware\USB\Conf\usb_endp.c          0x00000000   Number         0  usb_endp.o ABSOLUTE
    ..\Hardware\USB\Conf\usb_istr.c          0x00000000   Number         0  usb_istr.o ABSOLUTE
    ..\Hardware\USB\Conf\usb_prop.c          0x00000000   Number         0  usb_prop.o ABSOLUTE
    ..\Hardware\USB\Conf\usb_pwr.c           0x00000000   Number         0  usb_pwr.o ABSOLUTE
    ..\Hardware\USB\Lib\src\usb_core.c       0x00000000   Number         0  usb_core.o ABSOLUTE
    ..\Hardware\USB\Lib\src\usb_init.c       0x00000000   Number         0  usb_init.o ABSOLUTE
    ..\Hardware\USB\Lib\src\usb_int.c        0x00000000   Number         0  usb_int.o ABSOLUTE
    ..\Hardware\USB\Lib\src\usb_mem.c        0x00000000   Number         0  usb_mem.o ABSOLUTE
    ..\Hardware\USB\Lib\src\usb_regs.c       0x00000000   Number         0  usb_regs.o ABSOLUTE
    ..\Hardware\USB\Lib\src\usb_sil.c        0x00000000   Number         0  usb_sil.o ABSOLUTE
    ..\Hardware\lcd.c                        0x00000000   Number         0  lcd.o ABSOLUTE
    ..\Hardware\mygpio.c                     0x00000000   Number         0  mygpio.o ABSOLUTE
    ..\Hardware\tim3.c                       0x00000000   Number         0  tim3.o ABSOLUTE
    ..\Hardware\tim4_beep.c                  0x00000000   Number         0  tim4_beep.o ABSOLUTE
    ..\STM32F10x_FWLib\src\misc.c            0x00000000   Number         0  misc.o ABSOLUTE
    ..\STM32F10x_FWLib\src\stm32f10x_adc.c   0x00000000   Number         0  stm32f10x_adc.o ABSOLUTE
    ..\STM32F10x_FWLib\src\stm32f10x_bkp.c   0x00000000   Number         0  stm32f10x_bkp.o ABSOLUTE
    ..\STM32F10x_FWLib\src\stm32f10x_can.c   0x00000000   Number         0  stm32f10x_can.o ABSOLUTE
    ..\STM32F10x_FWLib\src\stm32f10x_cec.c   0x00000000   Number         0  stm32f10x_cec.o ABSOLUTE
    ..\STM32F10x_FWLib\src\stm32f10x_crc.c   0x00000000   Number         0  stm32f10x_crc.o ABSOLUTE
    ..\STM32F10x_FWLib\src\stm32f10x_dac.c   0x00000000   Number         0  stm32f10x_dac.o ABSOLUTE
    ..\STM32F10x_FWLib\src\stm32f10x_dbgmcu.c 0x00000000   Number         0  stm32f10x_dbgmcu.o ABSOLUTE
    ..\STM32F10x_FWLib\src\stm32f10x_dma.c   0x00000000   Number         0  stm32f10x_dma.o ABSOLUTE
    ..\STM32F10x_FWLib\src\stm32f10x_exti.c  0x00000000   Number         0  stm32f10x_exti.o ABSOLUTE
    ..\STM32F10x_FWLib\src\stm32f10x_flash.c 0x00000000   Number         0  stm32f10x_flash.o ABSOLUTE
    ..\STM32F10x_FWLib\src\stm32f10x_fsmc.c  0x00000000   Number         0  stm32f10x_fsmc.o ABSOLUTE
    ..\STM32F10x_FWLib\src\stm32f10x_gpio.c  0x00000000   Number         0  stm32f10x_gpio.o ABSOLUTE
    ..\STM32F10x_FWLib\src\stm32f10x_i2c.c   0x00000000   Number         0  stm32f10x_i2c.o ABSOLUTE
    ..\STM32F10x_FWLib\src\stm32f10x_iwdg.c  0x00000000   Number         0  stm32f10x_iwdg.o ABSOLUTE
    ..\STM32F10x_FWLib\src\stm32f10x_pwr.c   0x00000000   Number         0  stm32f10x_pwr.o ABSOLUTE
    ..\STM32F10x_FWLib\src\stm32f10x_rcc.c   0x00000000   Number         0  stm32f10x_rcc.o ABSOLUTE
    ..\STM32F10x_FWLib\src\stm32f10x_rtc.c   0x00000000   Number         0  stm32f10x_rtc.o ABSOLUTE
    ..\STM32F10x_FWLib\src\stm32f10x_sdio.c  0x00000000   Number         0  stm32f10x_sdio.o ABSOLUTE
    ..\STM32F10x_FWLib\src\stm32f10x_spi.c   0x00000000   Number         0  stm32f10x_spi.o ABSOLUTE
    ..\STM32F10x_FWLib\src\stm32f10x_tim.c   0x00000000   Number         0  stm32f10x_tim.o ABSOLUTE
    ..\STM32F10x_FWLib\src\stm32f10x_usart.c 0x00000000   Number         0  stm32f10x_usart.o ABSOLUTE
    ..\STM32F10x_FWLib\src\stm32f10x_wwdg.c  0x00000000   Number         0  stm32f10x_wwdg.o ABSOLUTE
    ..\SYSTEM\delay\delay.c                  0x00000000   Number         0  delay.o ABSOLUTE
    ..\SYSTEM\sys\sys.c                      0x00000000   Number         0  sys.o ABSOLUTE
    ..\SYSTEM\usart\usart.c                  0x00000000   Number         0  usart.o ABSOLUTE
    ..\\CORE\\core_cm3.c                     0x00000000   Number         0  core_cm3.o ABSOLUTE
    ..\\SYSTEM\\sys\\sys.c                   0x00000000   Number         0  sys.o ABSOLUTE
    dc.s                                     0x00000000   Number         0  dc.o ABSOLUTE
    lcdui.c                                  0x00000000   Number         0  lcdui.o ABSOLUTE
    main.c                                   0x00000000   Number         0  main.o ABSOLUTE
    stm32f10x_it.c                           0x00000000   Number         0  stm32f10x_it.o ABSOLUTE
    system_stm32f10x.c                       0x00000000   Number         0  system_stm32f10x.o ABSOLUTE
    RESET                                    0x08000000   Section      304  startup_stm32f10x_hd.o(RESET)
    !!!main                                  0x08000130   Section        8  __main.o(!!!main)
    !!!scatter                               0x08000138   Section       52  __scatter.o(!!!scatter)
    !!dczerorl2                              0x0800016c   Section       90  __dczerorl2.o(!!dczerorl2)
    !!handler_zi                             0x080001c8   Section       28  __scatter_zi.o(!!handler_zi)
    .ARM.Collect$$libinit$$00000000          0x080001e4   Section        2  libinit.o(.ARM.Collect$$libinit$$00000000)
    .ARM.Collect$$libinit$$00000002          0x080001e6   Section        0  libinit2.o(.ARM.Collect$$libinit$$00000002)
    .ARM.Collect$$libinit$$00000004          0x080001e6   Section        0  libinit2.o(.ARM.Collect$$libinit$$00000004)
    .ARM.Collect$$libinit$$0000000A          0x080001e6   Section        0  libinit2.o(.ARM.Collect$$libinit$$0000000A)
    .ARM.Collect$$libinit$$0000000C          0x080001e6   Section        0  libinit2.o(.ARM.Collect$$libinit$$0000000C)
    .ARM.Collect$$libinit$$0000000E          0x080001e6   Section        0  libinit2.o(.ARM.Collect$$libinit$$0000000E)
    .ARM.Collect$$libinit$$00000011          0x080001e6   Section        0  libinit2.o(.ARM.Collect$$libinit$$00000011)
    .ARM.Collect$$libinit$$00000013          0x080001e6   Section        0  libinit2.o(.ARM.Collect$$libinit$$00000013)
    .ARM.Collect$$libinit$$00000015          0x080001e6   Section        0  libinit2.o(.ARM.Collect$$libinit$$00000015)
    .ARM.Collect$$libinit$$00000017          0x080001e6   Section        0  libinit2.o(.ARM.Collect$$libinit$$00000017)
    .ARM.Collect$$libinit$$00000019          0x080001e6   Section        0  libinit2.o(.ARM.Collect$$libinit$$00000019)
    .ARM.Collect$$libinit$$0000001B          0x080001e6   Section        0  libinit2.o(.ARM.Collect$$libinit$$0000001B)
    .ARM.Collect$$libinit$$0000001D          0x080001e6   Section        0  libinit2.o(.ARM.Collect$$libinit$$0000001D)
    .ARM.Collect$$libinit$$0000001F          0x080001e6   Section        0  libinit2.o(.ARM.Collect$$libinit$$0000001F)
    .ARM.Collect$$libinit$$00000021          0x080001e6   Section        0  libinit2.o(.ARM.Collect$$libinit$$00000021)
    .ARM.Collect$$libinit$$00000023          0x080001e6   Section        0  libinit2.o(.ARM.Collect$$libinit$$00000023)
    .ARM.Collect$$libinit$$00000025          0x080001e6   Section        0  libinit2.o(.ARM.Collect$$libinit$$00000025)
    .ARM.Collect$$libinit$$0000002C          0x080001e6   Section        0  libinit2.o(.ARM.Collect$$libinit$$0000002C)
    .ARM.Collect$$libinit$$0000002E          0x080001e6   Section        0  libinit2.o(.ARM.Collect$$libinit$$0000002E)
    .ARM.Collect$$libinit$$00000030          0x080001e6   Section        0  libinit2.o(.ARM.Collect$$libinit$$00000030)
    .ARM.Collect$$libinit$$00000032          0x080001e6   Section        0  libinit2.o(.ARM.Collect$$libinit$$00000032)
    .ARM.Collect$$libinit$$00000033          0x080001e6   Section        2  libinit2.o(.ARM.Collect$$libinit$$00000033)
    .ARM.Collect$$libshutdown$$00000000      0x080001e8   Section        2  libshutdown.o(.ARM.Collect$$libshutdown$$00000000)
    .ARM.Collect$$libshutdown$$00000002      0x080001ea   Section        0  libshutdown2.o(.ARM.Collect$$libshutdown$$00000002)
    .ARM.Collect$$libshutdown$$00000004      0x080001ea   Section        0  libshutdown2.o(.ARM.Collect$$libshutdown$$00000004)
    .ARM.Collect$$libshutdown$$00000007      0x080001ea   Section        0  libshutdown2.o(.ARM.Collect$$libshutdown$$00000007)
    .ARM.Collect$$libshutdown$$0000000A      0x080001ea   Section        0  libshutdown2.o(.ARM.Collect$$libshutdown$$0000000A)
    .ARM.Collect$$libshutdown$$0000000C      0x080001ea   Section        0  libshutdown2.o(.ARM.Collect$$libshutdown$$0000000C)
    .ARM.Collect$$libshutdown$$0000000F      0x080001ea   Section        0  libshutdown2.o(.ARM.Collect$$libshutdown$$0000000F)
    .ARM.Collect$$libshutdown$$00000010      0x080001ea   Section        2  libshutdown2.o(.ARM.Collect$$libshutdown$$00000010)
    .ARM.Collect$$rtentry$$00000000          0x080001ec   Section        0  __rtentry.o(.ARM.Collect$$rtentry$$00000000)
    .ARM.Collect$$rtentry$$00000002          0x080001ec   Section        0  __rtentry2.o(.ARM.Collect$$rtentry$$00000002)
    .ARM.Collect$$rtentry$$00000004          0x080001ec   Section        6  __rtentry4.o(.ARM.Collect$$rtentry$$00000004)
    .ARM.Collect$$rtentry$$00000009          0x080001f2   Section        0  __rtentry2.o(.ARM.Collect$$rtentry$$00000009)
    .ARM.Collect$$rtentry$$0000000A          0x080001f2   Section        4  __rtentry2.o(.ARM.Collect$$rtentry$$0000000A)
    .ARM.Collect$$rtentry$$0000000C          0x080001f6   Section        0  __rtentry2.o(.ARM.Collect$$rtentry$$0000000C)
    .ARM.Collect$$rtentry$$0000000D          0x080001f6   Section        8  __rtentry2.o(.ARM.Collect$$rtentry$$0000000D)
    .ARM.Collect$$rtexit$$00000000           0x080001fe   Section        2  rtexit.o(.ARM.Collect$$rtexit$$00000000)
    .ARM.Collect$$rtexit$$00000002           0x08000200   Section        0  rtexit2.o(.ARM.Collect$$rtexit$$00000002)
    .ARM.Collect$$rtexit$$00000003           0x08000200   Section        4  rtexit2.o(.ARM.Collect$$rtexit$$00000003)
    .ARM.Collect$$rtexit$$00000004           0x08000204   Section        6  rtexit2.o(.ARM.Collect$$rtexit$$00000004)
    .text                                    0x0800020c   Section       64  startup_stm32f10x_hd.o(.text)
    .text                                    0x0800024c   Section        2  use_no_semi_2.o(.text)
    .text                                    0x0800024e   Section        0  heapauxi.o(.text)
    .text                                    0x08000254   Section        2  use_no_semi.o(.text)
    .text                                    0x08000256   Section       74  sys_stackheap_outer.o(.text)
    .text                                    0x080002a0   Section        0  exit.o(.text)
    .text                                    0x080002b4   Section        8  libspace.o(.text)
    i.ADC_SoftwareStartConvCmd               0x080002bc   Section        0  stm32f10x_adc.o(i.ADC_SoftwareStartConvCmd)
    i.BusFault_Handler                       0x080002d2   Section        0  stm32f10x_it.o(i.BusFault_Handler)
    i.ByteSwap                               0x080002d6   Section        0  usb_regs.o(i.ByteSwap)
    i.CTR_LP                                 0x080002e4   Section        0  usb_int.o(i.CTR_LP)
    i.ClearDTOG_RX                           0x0800056c   Section        0  usb_regs.o(i.ClearDTOG_RX)
    i.ClearDTOG_TX                           0x080005a0   Section        0  usb_regs.o(i.ClearDTOG_TX)
    i.Clear_Status_Out                       0x080005d4   Section        0  usb_regs.o(i.Clear_Status_Out)
    i.CustomHID_Data_Setup                   0x080005fc   Section        0  usb_prop.o(i.CustomHID_Data_Setup)
    i.CustomHID_GetConfigDescriptor          0x0800069c   Section        0  usb_prop.o(i.CustomHID_GetConfigDescriptor)
    i.CustomHID_GetDeviceDescriptor          0x080006b0   Section        0  usb_prop.o(i.CustomHID_GetDeviceDescriptor)
    i.CustomHID_GetHIDDescriptor             0x080006c4   Section        0  usb_prop.o(i.CustomHID_GetHIDDescriptor)
    i.CustomHID_GetProtocolValue             0x080006d8   Section        0  usb_prop.o(i.CustomHID_GetProtocolValue)
    i.CustomHID_GetReportDescriptor          0x080006f4   Section        0  usb_prop.o(i.CustomHID_GetReportDescriptor)
    i.CustomHID_GetStringDescriptor          0x08000708   Section        0  usb_prop.o(i.CustomHID_GetStringDescriptor)
    i.CustomHID_Get_Interface_Setting        0x08000730   Section        0  usb_prop.o(i.CustomHID_Get_Interface_Setting)
    i.CustomHID_NoData_Setup                 0x08000748   Section        0  usb_prop.o(i.CustomHID_NoData_Setup)
    i.CustomHID_Reset                        0x0800076c   Section        0  usb_prop.o(i.CustomHID_Reset)
    i.CustomHID_SetConfiguration             0x0800081c   Section        0  usb_prop.o(i.CustomHID_SetConfiguration)
    i.CustomHID_SetDeviceAddress             0x08000844   Section        0  usb_prop.o(i.CustomHID_SetDeviceAddress)
    i.CustomHID_SetProtocol                  0x08000850   Section        0  usb_prop.o(i.CustomHID_SetProtocol)
    i.CustomHID_SetReport_Feature            0x08000868   Section        0  usb_prop.o(i.CustomHID_SetReport_Feature)
    i.CustomHID_Status_In                    0x08000884   Section        0  usb_prop.o(i.CustomHID_Status_In)
    i.CustomHID_Status_Out                   0x08000886   Section        0  usb_prop.o(i.CustomHID_Status_Out)
    i.CustomHID_init                         0x08000888   Section        0  usb_prop.o(i.CustomHID_init)
    i.DataStageIn                            0x080008b0   Section        0  usb_core.o(i.DataStageIn)
    DataStageIn                              0x080008b1   Thumb Code   166  usb_core.o(i.DataStageIn)
    i.DataStageOut                           0x08000970   Section        0  usb_core.o(i.DataStageOut)
    DataStageOut                             0x08000971   Thumb Code   166  usb_core.o(i.DataStageOut)
    i.Data_Setup0                            0x08000a2c   Section        0  usb_core.o(i.Data_Setup0)
    Data_Setup0                              0x08000a2d   Thumb Code   628  usb_core.o(i.Data_Setup0)
    i.DebugMon_Handler                       0x08000cc4   Section        0  stm32f10x_it.o(i.DebugMon_Handler)
    i.EP1_IN_Callback                        0x08000cc6   Section        0  usb_endp.o(i.EP1_IN_Callback)
    i.EP1_OUT_Callback                       0x08000cc8   Section        0  usb_endp.o(i.EP1_OUT_Callback)
    i.EXTI_ClearITPendingBit                 0x08000cfc   Section        0  stm32f10x_exti.o(i.EXTI_ClearITPendingBit)
    i.Enter_LowPowerMode                     0x08000d08   Section        0  hw_config.o(i.Enter_LowPowerMode)
    i.GPIO_Init                              0x08000d14   Section        0  stm32f10x_gpio.o(i.GPIO_Init)
    i.GPIO_PinRemapConfig                    0x08000e2c   Section        0  stm32f10x_gpio.o(i.GPIO_PinRemapConfig)
    i.GetEPRxAddr                            0x08000ebc   Section        0  usb_regs.o(i.GetEPRxAddr)
    i.GetEPRxCount                           0x08000edc   Section        0  usb_regs.o(i.GetEPRxCount)
    i.GetEPTxAddr                            0x08000f00   Section        0  usb_regs.o(i.GetEPTxAddr)
    i.Get_SerialNum                          0x08000f20   Section        0  hw_config.o(i.Get_SerialNum)
    i.HardFault_Handler                      0x08000f54   Section        0  stm32f10x_it.o(i.HardFault_Handler)
    i.In0_Process                            0x08000f58   Section        0  usb_core.o(i.In0_Process)
    i.IntToUnicode                           0x08000fc8   Section        0  hw_config.o(i.IntToUnicode)
    i.JBUS_DataRecCb                         0x08001008   Section        0  jbus.o(i.JBUS_DataRecCb)
    i.Leave_LowPowerMode                     0x080010bc   Section        0  hw_config.o(i.Leave_LowPowerMode)
    i.MemManage_Handler                      0x080010dc   Section        0  stm32f10x_it.o(i.MemManage_Handler)
    i.NMI_Handler                            0x080010e0   Section        0  stm32f10x_it.o(i.NMI_Handler)
    i.NOP_Process                            0x080010e2   Section        0  usb_core.o(i.NOP_Process)
    i.NoData_Setup0                          0x080010e4   Section        0  usb_core.o(i.NoData_Setup0)
    NoData_Setup0                            0x080010e5   Thumb Code   290  usb_core.o(i.NoData_Setup0)
    i.Out0_Process                           0x0800121c   Section        0  usb_core.o(i.Out0_Process)
    i.PMAToUserBufferCopy                    0x0800126c   Section        0  usb_mem.o(i.PMAToUserBufferCopy)
    i.PendSV_Handler                         0x08001294   Section        0  stm32f10x_it.o(i.PendSV_Handler)
    i.Post0_Process                          0x08001298   Section        0  usb_core.o(i.Post0_Process)
    i.PowerOn                                0x080012e0   Section        0  usb_pwr.o(i.PowerOn)
    i.RCC_APB1PeriphClockCmd                 0x08001320   Section        0  stm32f10x_rcc.o(i.RCC_APB1PeriphClockCmd)
    i.RCC_APB2PeriphClockCmd                 0x08001340   Section        0  stm32f10x_rcc.o(i.RCC_APB2PeriphClockCmd)
    i.Resume                                 0x08001360   Section        0  usb_pwr.o(i.Resume)
    i.Resume_Init                            0x08001430   Section        0  usb_pwr.o(i.Resume_Init)
    i.SVC_Handler                            0x08001454   Section        0  stm32f10x_it.o(i.SVC_Handler)
    i.SetBTABLE                              0x08001458   Section        0  usb_regs.o(i.SetBTABLE)
    i.SetDeviceAddress                       0x08001468   Section        0  usb_core.o(i.SetDeviceAddress)
    i.SetEPRxAddr                            0x080014b8   Section        0  usb_regs.o(i.SetEPRxAddr)
    i.SetEPRxCount                           0x080014dc   Section        0  usb_regs.o(i.SetEPRxCount)
    i.SetEPRxStatus                          0x08001528   Section        0  usb_regs.o(i.SetEPRxStatus)
    i.SetEPRxValid                           0x08001568   Section        0  usb_regs.o(i.SetEPRxValid)
    i.SetEPTxAddr                            0x0800159c   Section        0  usb_regs.o(i.SetEPTxAddr)
    i.SetEPTxCount                           0x080015bc   Section        0  usb_regs.o(i.SetEPTxCount)
    i.SetEPTxStatus                          0x080015d8   Section        0  usb_regs.o(i.SetEPTxStatus)
    i.SetEPType                              0x08001618   Section        0  usb_regs.o(i.SetEPType)
    i.SetSysClock                            0x0800163c   Section        0  system_stm32f10x.o(i.SetSysClock)
    SetSysClock                              0x0800163d   Thumb Code     8  system_stm32f10x.o(i.SetSysClock)
    i.SetSysClockTo72                        0x08001644   Section        0  system_stm32f10x.o(i.SetSysClockTo72)
    SetSysClockTo72                          0x08001645   Thumb Code   214  system_stm32f10x.o(i.SetSysClockTo72)
    i.Setup0_Process                         0x08001724   Section        0  usb_core.o(i.Setup0_Process)
    i.Standard_ClearFeature                  0x080017dc   Section        0  usb_core.o(i.Standard_ClearFeature)
    i.Standard_GetConfiguration              0x08001948   Section        0  usb_core.o(i.Standard_GetConfiguration)
    i.Standard_GetDescriptorData             0x08001974   Section        0  usb_core.o(i.Standard_GetDescriptorData)
    i.Standard_GetInterface                  0x08001998   Section        0  usb_core.o(i.Standard_GetInterface)
    i.Standard_GetStatus                     0x080019c4   Section        0  usb_core.o(i.Standard_GetStatus)
    i.Standard_SetConfiguration              0x08001ac4   Section        0  usb_core.o(i.Standard_SetConfiguration)
    i.Standard_SetDeviceFeature              0x08001b0c   Section        0  usb_core.o(i.Standard_SetDeviceFeature)
    i.Standard_SetEndPointFeature            0x08001b34   Section        0  usb_core.o(i.Standard_SetEndPointFeature)
    i.Standard_SetInterface                  0x08001c04   Section        0  usb_core.o(i.Standard_SetInterface)
    i.Suspend                                0x08001c70   Section        0  usb_pwr.o(i.Suspend)
    i.SysTick_CLKSourceConfig                0x08001d0c   Section        0  misc.o(i.SysTick_CLKSourceConfig)
    i.SysTick_Handler                        0x08001d34   Section        0  stm32f10x_it.o(i.SysTick_Handler)
    i.SystemInit                             0x08001d38   Section        0  system_stm32f10x.o(i.SystemInit)
    i.TIM3_Init                              0x08001d98   Section        0  tim3.o(i.TIM3_Init)
    i.TIM3_SetPWM                            0x08001e64   Section        0  tim3.o(i.TIM3_SetPWM)
    i.TIM_Cmd                                0x08001e78   Section        0  stm32f10x_tim.o(i.TIM_Cmd)
    i.TIM_OC2Init                            0x08001e90   Section        0  stm32f10x_tim.o(i.TIM_OC2Init)
    i.TIM_OC2PreloadConfig                   0x08001f34   Section        0  stm32f10x_tim.o(i.TIM_OC2PreloadConfig)
    i.TIM_SetCompare2                        0x08001f4e   Section        0  stm32f10x_tim.o(i.TIM_SetCompare2)
    i.TIM_TimeBaseInit                       0x08001f54   Section        0  stm32f10x_tim.o(i.TIM_TimeBaseInit)
    i.USART1_IRQHandler                      0x08001ff8   Section        0  usart.o(i.USART1_IRQHandler)
    i.USART_GetITStatus                      0x08002080   Section        0  stm32f10x_usart.o(i.USART_GetITStatus)
    i.USART_ReceiveData                      0x080020d4   Section        0  stm32f10x_usart.o(i.USART_ReceiveData)
    i.USBWakeUp_IRQHandler                   0x080020de   Section        0  hw_config.o(i.USBWakeUp_IRQHandler)
    i.USB_Cable_Config                       0x080020ea   Section        0  hw_config.o(i.USB_Cable_Config)
    i.USB_Istr                               0x080020ec   Section        0  usb_istr.o(i.USB_Istr)
    i.USB_LP_CAN1_RX0_IRQHandler             0x080022b8   Section        0  hw_config.o(i.USB_LP_CAN1_RX0_IRQHandler)
    i.USB_SIL_Init                           0x080022c0   Section        0  usb_sil.o(i.USB_SIL_Init)
    i.UsageFault_Handler                     0x080022e4   Section        0  stm32f10x_it.o(i.UsageFault_Handler)
    i.UserToPMABufferCopy                    0x080022e8   Section        0  usb_mem.o(i.UserToPMABufferCopy)
    i._sys_exit                              0x08002320   Section        0  usart.o(i._sys_exit)
    i.delay_init                             0x08002324   Section        0  delay.o(i.delay_init)
    i.delay_ms                               0x08002368   Section        0  delay.o(i.delay_ms)
    i.main                                   0x080023b4   Section        0  main.o(i.main)
    .constdata                               0x0800240c   Section      183  usb_desc.o(.constdata)
    .data                                    0x20000000   Section       20  system_stm32f10x.o(.data)
    .data                                    0x20000014   Section        4  delay.o(.data)
    fac_us                                   0x20000014   Data           1  delay.o(.data)
    fac_ms                                   0x20000016   Data           2  delay.o(.data)
    .data                                    0x20000018   Section        6  usart.o(.data)
    .data                                    0x2000001e   Section       36  usb_desc.o(.data)
    .data                                    0x20000044   Section       68  usb_istr.o(.data)
    .data                                    0x20000088   Section      160  usb_prop.o(.data)
    .data                                    0x20000128   Section       12  usb_pwr.o(.data)
    .data                                    0x20000134   Section        3  usb_core.o(.data)
    .data                                    0x20000138   Section       20  usb_init.o(.data)
    .data                                    0x2000014c   Section        4  usb_int.o(.data)
    .data                                    0x20000150   Section     1305  jbus.o(.data)
    SYB_FLAG                                 0x20000668   Data           1  jbus.o(.data)
    .bss                                     0x2000066c   Section      200  usart.o(.bss)
    .bss                                     0x20000734   Section     2100  hw_config.o(.bss)
    .bss                                     0x20000f68   Section       32  usb_pwr.o(.bss)
    .bss                                     0x20000f88   Section       28  usb_init.o(.bss)
    .bss                                     0x20000fa4   Section       96  libspace.o(.bss)
    HEAP                                     0x20001008   Section      512  startup_stm32f10x_hd.o(HEAP)
    Heap_Mem                                 0x20001008   Data         512  startup_stm32f10x_hd.o(HEAP)
    STACK                                    0x20001208   Section     1024  startup_stm32f10x_hd.o(STACK)
    Stack_Mem                                0x20001208   Data        1024  startup_stm32f10x_hd.o(STACK)
    __initial_sp                             0x20001608   Data           0  startup_stm32f10x_hd.o(STACK)

    Global Symbols

    Symbol Name                              Value     Ov Type        Size  Object(Section)

    BuildAttributes$$THM_ISAv4$P$D$K$B$S$PE$A:L22UL41UL21$X:L11$S22US41US21$IEEE1$IW$USESV6$~STKCKD$USESV7$~SHL$OSPACE$ROPI$EBA8$UX$STANDARDLIB$REQ8$PRES8$EABIv2 0x00000000   Number         0  anon$$obj.o ABSOLUTE
    __ARM_use_no_argv                        0x00000000   Number         0  main.o ABSOLUTE
    __ARM_exceptions_init                     - Undefined Weak Reference
    __alloca_initialize                       - Undefined Weak Reference
    __arm_preinit_                            - Undefined Weak Reference
    __cpp_initialize__aeabi_                  - Undefined Weak Reference
    __cxa_finalize                            - Undefined Weak Reference
    __rt_locale                               - Undefined Weak Reference
    __sigvec_lookup                           - Undefined Weak Reference
    _atexit_init                              - Undefined Weak Reference
    _call_atexit_fns                          - Undefined Weak Reference
    _clock_init                               - Undefined Weak Reference
    _fp_trap_init                             - Undefined Weak Reference
    _fp_trap_shutdown                         - Undefined Weak Reference
    _get_lc_collate                           - Undefined Weak Reference
    _get_lc_ctype                             - Undefined Weak Reference
    _get_lc_monetary                          - Undefined Weak Reference
    _get_lc_numeric                           - Undefined Weak Reference
    _get_lc_time                              - Undefined Weak Reference
    _getenv_init                              - Undefined Weak Reference
    _handle_redirection                       - Undefined Weak Reference
    _init_alloc                               - Undefined Weak Reference
    _init_user_alloc                          - Undefined Weak Reference
    _initio                                   - Undefined Weak Reference
    _rand_init                                - Undefined Weak Reference
    _signal_finish                            - Undefined Weak Reference
    _signal_init                              - Undefined Weak Reference
    _terminate_alloc                          - Undefined Weak Reference
    _terminate_user_alloc                     - Undefined Weak Reference
    _terminateio                              - Undefined Weak Reference
    __Vectors_Size                           0x00000130   Number         0  startup_stm32f10x_hd.o ABSOLUTE
    __Vectors                                0x08000000   Data           4  startup_stm32f10x_hd.o(RESET)
    __Vectors_End                            0x08000130   Data           0  startup_stm32f10x_hd.o(RESET)
    __main                                   0x08000131   Thumb Code     8  __main.o(!!!main)
    __scatterload                            0x08000139   Thumb Code     0  __scatter.o(!!!scatter)
    __scatterload_rt2                        0x08000139   Thumb Code    44  __scatter.o(!!!scatter)
    __scatterload_rt2_thumb_only             0x08000139   Thumb Code     0  __scatter.o(!!!scatter)
    __scatterload_null                       0x08000147   Thumb Code     0  __scatter.o(!!!scatter)
    __decompress                             0x0800016d   Thumb Code    90  __dczerorl2.o(!!dczerorl2)
    __decompress1                            0x0800016d   Thumb Code     0  __dczerorl2.o(!!dczerorl2)
    __scatterload_zeroinit                   0x080001c9   Thumb Code    28  __scatter_zi.o(!!handler_zi)
    __rt_lib_init                            0x080001e5   Thumb Code     0  libinit.o(.ARM.Collect$$libinit$$00000000)
    __rt_lib_init_alloca_1                   0x080001e7   Thumb Code     0  libinit2.o(.ARM.Collect$$libinit$$0000002E)
    __rt_lib_init_argv_1                     0x080001e7   Thumb Code     0  libinit2.o(.ARM.Collect$$libinit$$0000002C)
    __rt_lib_init_atexit_1                   0x080001e7   Thumb Code     0  libinit2.o(.ARM.Collect$$libinit$$0000001B)
    __rt_lib_init_clock_1                    0x080001e7   Thumb Code     0  libinit2.o(.ARM.Collect$$libinit$$00000021)
    __rt_lib_init_cpp_1                      0x080001e7   Thumb Code     0  libinit2.o(.ARM.Collect$$libinit$$00000032)
    __rt_lib_init_exceptions_1               0x080001e7   Thumb Code     0  libinit2.o(.ARM.Collect$$libinit$$00000030)
    __rt_lib_init_fp_1                       0x080001e7   Thumb Code     0  libinit2.o(.ARM.Collect$$libinit$$00000002)
    __rt_lib_init_fp_trap_1                  0x080001e7   Thumb Code     0  libinit2.o(.ARM.Collect$$libinit$$0000001F)
    __rt_lib_init_getenv_1                   0x080001e7   Thumb Code     0  libinit2.o(.ARM.Collect$$libinit$$00000023)
    __rt_lib_init_heap_1                     0x080001e7   Thumb Code     0  libinit2.o(.ARM.Collect$$libinit$$0000000A)
    __rt_lib_init_lc_collate_1               0x080001e7   Thumb Code     0  libinit2.o(.ARM.Collect$$libinit$$00000011)
    __rt_lib_init_lc_ctype_1                 0x080001e7   Thumb Code     0  libinit2.o(.ARM.Collect$$libinit$$00000013)
    __rt_lib_init_lc_monetary_1              0x080001e7   Thumb Code     0  libinit2.o(.ARM.Collect$$libinit$$00000015)
    __rt_lib_init_lc_numeric_1               0x080001e7   Thumb Code     0  libinit2.o(.ARM.Collect$$libinit$$00000017)
    __rt_lib_init_lc_time_1                  0x080001e7   Thumb Code     0  libinit2.o(.ARM.Collect$$libinit$$00000019)
    __rt_lib_init_preinit_1                  0x080001e7   Thumb Code     0  libinit2.o(.ARM.Collect$$libinit$$00000004)
    __rt_lib_init_rand_1                     0x080001e7   Thumb Code     0  libinit2.o(.ARM.Collect$$libinit$$0000000E)
    __rt_lib_init_return                     0x080001e7   Thumb Code     0  libinit2.o(.ARM.Collect$$libinit$$00000033)
    __rt_lib_init_signal_1                   0x080001e7   Thumb Code     0  libinit2.o(.ARM.Collect$$libinit$$0000001D)
    __rt_lib_init_stdio_1                    0x080001e7   Thumb Code     0  libinit2.o(.ARM.Collect$$libinit$$00000025)
    __rt_lib_init_user_alloc_1               0x080001e7   Thumb Code     0  libinit2.o(.ARM.Collect$$libinit$$0000000C)
    __rt_lib_shutdown                        0x080001e9   Thumb Code     0  libshutdown.o(.ARM.Collect$$libshutdown$$00000000)
    __rt_lib_shutdown_cpp_1                  0x080001eb   Thumb Code     0  libshutdown2.o(.ARM.Collect$$libshutdown$$00000002)
    __rt_lib_shutdown_fp_trap_1              0x080001eb   Thumb Code     0  libshutdown2.o(.ARM.Collect$$libshutdown$$00000007)
    __rt_lib_shutdown_heap_1                 0x080001eb   Thumb Code     0  libshutdown2.o(.ARM.Collect$$libshutdown$$0000000F)
    __rt_lib_shutdown_return                 0x080001eb   Thumb Code     0  libshutdown2.o(.ARM.Collect$$libshutdown$$00000010)
    __rt_lib_shutdown_signal_1               0x080001eb   Thumb Code     0  libshutdown2.o(.ARM.Collect$$libshutdown$$0000000A)
    __rt_lib_shutdown_stdio_1                0x080001eb   Thumb Code     0  libshutdown2.o(.ARM.Collect$$libshutdown$$00000004)
    __rt_lib_shutdown_user_alloc_1           0x080001eb   Thumb Code     0  libshutdown2.o(.ARM.Collect$$libshutdown$$0000000C)
    __rt_entry                               0x080001ed   Thumb Code     0  __rtentry.o(.ARM.Collect$$rtentry$$00000000)
    __rt_entry_presh_1                       0x080001ed   Thumb Code     0  __rtentry2.o(.ARM.Collect$$rtentry$$00000002)
    __rt_entry_sh                            0x080001ed   Thumb Code     0  __rtentry4.o(.ARM.Collect$$rtentry$$00000004)
    __rt_entry_li                            0x080001f3   Thumb Code     0  __rtentry2.o(.ARM.Collect$$rtentry$$0000000A)
    __rt_entry_postsh_1                      0x080001f3   Thumb Code     0  __rtentry2.o(.ARM.Collect$$rtentry$$00000009)
    __rt_entry_main                          0x080001f7   Thumb Code     0  __rtentry2.o(.ARM.Collect$$rtentry$$0000000D)
    __rt_entry_postli_1                      0x080001f7   Thumb Code     0  __rtentry2.o(.ARM.Collect$$rtentry$$0000000C)
    __rt_exit                                0x080001ff   Thumb Code     0  rtexit.o(.ARM.Collect$$rtexit$$00000000)
    __rt_exit_ls                             0x08000201   Thumb Code     0  rtexit2.o(.ARM.Collect$$rtexit$$00000003)
    __rt_exit_prels_1                        0x08000201   Thumb Code     0  rtexit2.o(.ARM.Collect$$rtexit$$00000002)
    __rt_exit_exit                           0x08000205   Thumb Code     0  rtexit2.o(.ARM.Collect$$rtexit$$00000004)
    Reset_Handler                            0x0800020d   Thumb Code     8  startup_stm32f10x_hd.o(.text)
    ADC1_2_IRQHandler                        0x08000227   Thumb Code     0  startup_stm32f10x_hd.o(.text)
    ADC3_IRQHandler                          0x08000227   Thumb Code     0  startup_stm32f10x_hd.o(.text)
    CAN1_RX1_IRQHandler                      0x08000227   Thumb Code     0  startup_stm32f10x_hd.o(.text)
    CAN1_SCE_IRQHandler                      0x08000227   Thumb Code     0  startup_stm32f10x_hd.o(.text)
    DMA1_Channel1_IRQHandler                 0x08000227   Thumb Code     0  startup_stm32f10x_hd.o(.text)
    DMA1_Channel2_IRQHandler                 0x08000227   Thumb Code     0  startup_stm32f10x_hd.o(.text)
    DMA1_Channel3_IRQHandler                 0x08000227   Thumb Code     0  startup_stm32f10x_hd.o(.text)
    DMA1_Channel4_IRQHandler                 0x08000227   Thumb Code     0  startup_stm32f10x_hd.o(.text)
    DMA1_Channel5_IRQHandler                 0x08000227   Thumb Code     0  startup_stm32f10x_hd.o(.text)
    DMA1_Channel6_IRQHandler                 0x08000227   Thumb Code     0  startup_stm32f10x_hd.o(.text)
    DMA1_Channel7_IRQHandler                 0x08000227   Thumb Code     0  startup_stm32f10x_hd.o(.text)
    DMA2_Channel1_IRQHandler                 0x08000227   Thumb Code     0  startup_stm32f10x_hd.o(.text)
    DMA2_Channel2_IRQHandler                 0x08000227   Thumb Code     0  startup_stm32f10x_hd.o(.text)
    DMA2_Channel3_IRQHandler                 0x08000227   Thumb Code     0  startup_stm32f10x_hd.o(.text)
    DMA2_Channel4_5_IRQHandler               0x08000227   Thumb Code     0  startup_stm32f10x_hd.o(.text)
    EXTI0_IRQHandler                         0x08000227   Thumb Code     0  startup_stm32f10x_hd.o(.text)
    EXTI15_10_IRQHandler                     0x08000227   Thumb Code     0  startup_stm32f10x_hd.o(.text)
    EXTI1_IRQHandler                         0x08000227   Thumb Code     0  startup_stm32f10x_hd.o(.text)
    EXTI2_IRQHandler                         0x08000227   Thumb Code     0  startup_stm32f10x_hd.o(.text)
    EXTI3_IRQHandler                         0x08000227   Thumb Code     0  startup_stm32f10x_hd.o(.text)
    EXTI4_IRQHandler                         0x08000227   Thumb Code     0  startup_stm32f10x_hd.o(.text)
    EXTI9_5_IRQHandler                       0x08000227   Thumb Code     0  startup_stm32f10x_hd.o(.text)
    FLASH_IRQHandler                         0x08000227   Thumb Code     0  startup_stm32f10x_hd.o(.text)
    FSMC_IRQHandler                          0x08000227   Thumb Code     0  startup_stm32f10x_hd.o(.text)
    I2C1_ER_IRQHandler                       0x08000227   Thumb Code     0  startup_stm32f10x_hd.o(.text)
    I2C1_EV_IRQHandler                       0x08000227   Thumb Code     0  startup_stm32f10x_hd.o(.text)
    I2C2_ER_IRQHandler                       0x08000227   Thumb Code     0  startup_stm32f10x_hd.o(.text)
    I2C2_EV_IRQHandler                       0x08000227   Thumb Code     0  startup_stm32f10x_hd.o(.text)
    PVD_IRQHandler                           0x08000227   Thumb Code     0  startup_stm32f10x_hd.o(.text)
    RCC_IRQHandler                           0x08000227   Thumb Code     0  startup_stm32f10x_hd.o(.text)
    RTCAlarm_IRQHandler                      0x08000227   Thumb Code     0  startup_stm32f10x_hd.o(.text)
    RTC_IRQHandler                           0x08000227   Thumb Code     0  startup_stm32f10x_hd.o(.text)
    SDIO_IRQHandler                          0x08000227   Thumb Code     0  startup_stm32f10x_hd.o(.text)
    SPI1_IRQHandler                          0x08000227   Thumb Code     0  startup_stm32f10x_hd.o(.text)
    SPI2_IRQHandler                          0x08000227   Thumb Code     0  startup_stm32f10x_hd.o(.text)
    SPI3_IRQHandler                          0x08000227   Thumb Code     0  startup_stm32f10x_hd.o(.text)
    TAMPER_IRQHandler                        0x08000227   Thumb Code     0  startup_stm32f10x_hd.o(.text)
    TIM1_BRK_IRQHandler                      0x08000227   Thumb Code     0  startup_stm32f10x_hd.o(.text)
    TIM1_CC_IRQHandler                       0x08000227   Thumb Code     0  startup_stm32f10x_hd.o(.text)
    TIM1_TRG_COM_IRQHandler                  0x08000227   Thumb Code     0  startup_stm32f10x_hd.o(.text)
    TIM1_UP_IRQHandler                       0x08000227   Thumb Code     0  startup_stm32f10x_hd.o(.text)
    TIM2_IRQHandler                          0x08000227   Thumb Code     0  startup_stm32f10x_hd.o(.text)
    TIM3_IRQHandler                          0x08000227   Thumb Code     0  startup_stm32f10x_hd.o(.text)
    TIM4_IRQHandler                          0x08000227   Thumb Code     0  startup_stm32f10x_hd.o(.text)
    TIM5_IRQHandler                          0x08000227   Thumb Code     0  startup_stm32f10x_hd.o(.text)
    TIM6_IRQHandler                          0x08000227   Thumb Code     0  startup_stm32f10x_hd.o(.text)
    TIM7_IRQHandler                          0x08000227   Thumb Code     0  startup_stm32f10x_hd.o(.text)
    TIM8_BRK_IRQHandler                      0x08000227   Thumb Code     0  startup_stm32f10x_hd.o(.text)
    TIM8_CC_IRQHandler                       0x08000227   Thumb Code     0  startup_stm32f10x_hd.o(.text)
    TIM8_TRG_COM_IRQHandler                  0x08000227   Thumb Code     0  startup_stm32f10x_hd.o(.text)
    TIM8_UP_IRQHandler                       0x08000227   Thumb Code     0  startup_stm32f10x_hd.o(.text)
    UART4_IRQHandler                         0x08000227   Thumb Code     0  startup_stm32f10x_hd.o(.text)
    UART5_IRQHandler                         0x08000227   Thumb Code     0  startup_stm32f10x_hd.o(.text)
    USART2_IRQHandler                        0x08000227   Thumb Code     0  startup_stm32f10x_hd.o(.text)
    USART3_IRQHandler                        0x08000227   Thumb Code     0  startup_stm32f10x_hd.o(.text)
    USB_HP_CAN1_TX_IRQHandler                0x08000227   Thumb Code     0  startup_stm32f10x_hd.o(.text)
    WWDG_IRQHandler                          0x08000227   Thumb Code     0  startup_stm32f10x_hd.o(.text)
    __user_initial_stackheap                 0x08000229   Thumb Code     0  startup_stm32f10x_hd.o(.text)
    __use_no_semihosting                     0x0800024d   Thumb Code     2  use_no_semi_2.o(.text)
    __use_two_region_memory                  0x0800024f   Thumb Code     2  heapauxi.o(.text)
    __rt_heap_escrow$2region                 0x08000251   Thumb Code     2  heapauxi.o(.text)
    __rt_heap_expand$2region                 0x08000253   Thumb Code     2  heapauxi.o(.text)
    __I$use$semihosting                      0x08000255   Thumb Code     0  use_no_semi.o(.text)
    __use_no_semihosting_swi                 0x08000255   Thumb Code     2  use_no_semi.o(.text)
    __user_setup_stackheap                   0x08000257   Thumb Code    74  sys_stackheap_outer.o(.text)
    exit                                     0x080002a1   Thumb Code    18  exit.o(.text)
    __user_libspace                          0x080002b5   Thumb Code     8  libspace.o(.text)
    __user_perproc_libspace                  0x080002b5   Thumb Code     0  libspace.o(.text)
    __user_perthread_libspace                0x080002b5   Thumb Code     0  libspace.o(.text)
    ADC_SoftwareStartConvCmd                 0x080002bd   Thumb Code    22  stm32f10x_adc.o(i.ADC_SoftwareStartConvCmd)
    BusFault_Handler                         0x080002d3   Thumb Code     4  stm32f10x_it.o(i.BusFault_Handler)
    ByteSwap                                 0x080002d7   Thumb Code    12  usb_regs.o(i.ByteSwap)
    CTR_LP                                   0x080002e5   Thumb Code   616  usb_int.o(i.CTR_LP)
    ClearDTOG_RX                             0x0800056d   Thumb Code    48  usb_regs.o(i.ClearDTOG_RX)
    ClearDTOG_TX                             0x080005a1   Thumb Code    48  usb_regs.o(i.ClearDTOG_TX)
    Clear_Status_Out                         0x080005d5   Thumb Code    34  usb_regs.o(i.Clear_Status_Out)
    CustomHID_Data_Setup                     0x080005fd   Thumb Code   134  usb_prop.o(i.CustomHID_Data_Setup)
    CustomHID_GetConfigDescriptor            0x0800069d   Thumb Code    14  usb_prop.o(i.CustomHID_GetConfigDescriptor)
    CustomHID_GetDeviceDescriptor            0x080006b1   Thumb Code    14  usb_prop.o(i.CustomHID_GetDeviceDescriptor)
    CustomHID_GetHIDDescriptor               0x080006c5   Thumb Code    14  usb_prop.o(i.CustomHID_GetHIDDescriptor)
    CustomHID_GetProtocolValue               0x080006d9   Thumb Code    20  usb_prop.o(i.CustomHID_GetProtocolValue)
    CustomHID_GetReportDescriptor            0x080006f5   Thumb Code    14  usb_prop.o(i.CustomHID_GetReportDescriptor)
    CustomHID_GetStringDescriptor            0x08000709   Thumb Code    32  usb_prop.o(i.CustomHID_GetStringDescriptor)
    CustomHID_Get_Interface_Setting          0x08000731   Thumb Code    22  usb_prop.o(i.CustomHID_Get_Interface_Setting)
    CustomHID_NoData_Setup                   0x08000749   Thumb Code    32  usb_prop.o(i.CustomHID_NoData_Setup)
    CustomHID_Reset                          0x0800076d   Thumb Code   164  usb_prop.o(i.CustomHID_Reset)
    CustomHID_SetConfiguration               0x0800081d   Thumb Code    26  usb_prop.o(i.CustomHID_SetConfiguration)
    CustomHID_SetDeviceAddress               0x08000845   Thumb Code     8  usb_prop.o(i.CustomHID_SetDeviceAddress)
    CustomHID_SetProtocol                    0x08000851   Thumb Code    14  usb_prop.o(i.CustomHID_SetProtocol)
    CustomHID_SetReport_Feature              0x08000869   Thumb Code    20  usb_prop.o(i.CustomHID_SetReport_Feature)
    CustomHID_Status_In                      0x08000885   Thumb Code     2  usb_prop.o(i.CustomHID_Status_In)
    CustomHID_Status_Out                     0x08000887   Thumb Code     2  usb_prop.o(i.CustomHID_Status_Out)
    CustomHID_init                           0x08000889   Thumb Code    30  usb_prop.o(i.CustomHID_init)
    DebugMon_Handler                         0x08000cc5   Thumb Code     2  stm32f10x_it.o(i.DebugMon_Handler)
    EP1_IN_Callback                          0x08000cc7   Thumb Code     2  usb_endp.o(i.EP1_IN_Callback)
    EP1_OUT_Callback                         0x08000cc9   Thumb Code    52  usb_endp.o(i.EP1_OUT_Callback)
    EXTI_ClearITPendingBit                   0x08000cfd   Thumb Code     6  stm32f10x_exti.o(i.EXTI_ClearITPendingBit)
    Enter_LowPowerMode                       0x08000d09   Thumb Code     8  hw_config.o(i.Enter_LowPowerMode)
    GPIO_Init                                0x08000d15   Thumb Code   278  stm32f10x_gpio.o(i.GPIO_Init)
    GPIO_PinRemapConfig                      0x08000e2d   Thumb Code   138  stm32f10x_gpio.o(i.GPIO_PinRemapConfig)
    GetEPRxAddr                              0x08000ebd   Thumb Code    24  usb_regs.o(i.GetEPRxAddr)
    GetEPRxCount                             0x08000edd   Thumb Code    26  usb_regs.o(i.GetEPRxCount)
    GetEPTxAddr                              0x08000f01   Thumb Code    22  usb_regs.o(i.GetEPTxAddr)
    Get_SerialNum                            0x08000f21   Thumb Code    42  hw_config.o(i.Get_SerialNum)
    HardFault_Handler                        0x08000f55   Thumb Code     4  stm32f10x_it.o(i.HardFault_Handler)
    In0_Process                              0x08000f59   Thumb Code    98  usb_core.o(i.In0_Process)
    IntToUnicode                             0x08000fc9   Thumb Code    62  hw_config.o(i.IntToUnicode)
    JBUS_DataRecCb                           0x08001009   Thumb Code   170  jbus.o(i.JBUS_DataRecCb)
    Leave_LowPowerMode                       0x080010bd   Thumb Code    22  hw_config.o(i.Leave_LowPowerMode)
    MemManage_Handler                        0x080010dd   Thumb Code     4  stm32f10x_it.o(i.MemManage_Handler)
    NMI_Handler                              0x080010e1   Thumb Code     2  stm32f10x_it.o(i.NMI_Handler)
    NOP_Process                              0x080010e3   Thumb Code     2  usb_core.o(i.NOP_Process)
    Out0_Process                             0x0800121d   Thumb Code    70  usb_core.o(i.Out0_Process)
    PMAToUserBufferCopy                      0x0800126d   Thumb Code    34  usb_mem.o(i.PMAToUserBufferCopy)
    PendSV_Handler                           0x08001295   Thumb Code     2  stm32f10x_it.o(i.PendSV_Handler)
    Post0_Process                            0x08001299   Thumb Code    54  usb_core.o(i.Post0_Process)
    PowerOn                                  0x080012e1   Thumb Code    54  usb_pwr.o(i.PowerOn)
    RCC_APB1PeriphClockCmd                   0x08001321   Thumb Code    26  stm32f10x_rcc.o(i.RCC_APB1PeriphClockCmd)
    RCC_APB2PeriphClockCmd                   0x08001341   Thumb Code    26  stm32f10x_rcc.o(i.RCC_APB2PeriphClockCmd)
    Resume                                   0x08001361   Thumb Code   194  usb_pwr.o(i.Resume)
    Resume_Init                              0x08001431   Thumb Code    30  usb_pwr.o(i.Resume_Init)
    SVC_Handler                              0x08001455   Thumb Code     2  stm32f10x_it.o(i.SVC_Handler)
    SetBTABLE                                0x08001459   Thumb Code    12  usb_regs.o(i.SetBTABLE)
    SetDeviceAddress                         0x08001469   Thumb Code    68  usb_core.o(i.SetDeviceAddress)
    SetEPRxAddr                              0x080014b9   Thumb Code    26  usb_regs.o(i.SetEPRxAddr)
    SetEPRxCount                             0x080014dd   Thumb Code    68  usb_regs.o(i.SetEPRxCount)
    SetEPRxStatus                            0x08001529   Thumb Code    60  usb_regs.o(i.SetEPRxStatus)
    SetEPRxValid                             0x08001569   Thumb Code    48  usb_regs.o(i.SetEPRxValid)
    SetEPTxAddr                              0x0800159d   Thumb Code    24  usb_regs.o(i.SetEPTxAddr)
    SetEPTxCount                             0x080015bd   Thumb Code    20  usb_regs.o(i.SetEPTxCount)
    SetEPTxStatus                            0x080015d9   Thumb Code    60  usb_regs.o(i.SetEPTxStatus)
    SetEPType                                0x08001619   Thumb Code    32  usb_regs.o(i.SetEPType)
    Setup0_Process                           0x08001725   Thumb Code   170  usb_core.o(i.Setup0_Process)
    Standard_ClearFeature                    0x080017dd   Thumb Code   342  usb_core.o(i.Standard_ClearFeature)
    Standard_GetConfiguration                0x08001949   Thumb Code    34  usb_core.o(i.Standard_GetConfiguration)
    Standard_GetDescriptorData               0x08001975   Thumb Code    32  usb_core.o(i.Standard_GetDescriptorData)
    Standard_GetInterface                    0x08001999   Thumb Code    34  usb_core.o(i.Standard_GetInterface)
    Standard_GetStatus                       0x080019c5   Thumb Code   238  usb_core.o(i.Standard_GetStatus)
    Standard_SetConfiguration                0x08001ac5   Thumb Code    60  usb_core.o(i.Standard_SetConfiguration)
    Standard_SetDeviceFeature                0x08001b0d   Thumb Code    30  usb_core.o(i.Standard_SetDeviceFeature)
    Standard_SetEndPointFeature              0x08001b35   Thumb Code   192  usb_core.o(i.Standard_SetEndPointFeature)
    Standard_SetInterface                    0x08001c05   Thumb Code    96  usb_core.o(i.Standard_SetInterface)
    Suspend                                  0x08001c71   Thumb Code   142  usb_pwr.o(i.Suspend)
    SysTick_CLKSourceConfig                  0x08001d0d   Thumb Code    40  misc.o(i.SysTick_CLKSourceConfig)
    SysTick_Handler                          0x08001d35   Thumb Code     2  stm32f10x_it.o(i.SysTick_Handler)
    SystemInit                               0x08001d39   Thumb Code    78  system_stm32f10x.o(i.SystemInit)
    TIM3_Init                                0x08001d99   Thumb Code   182  tim3.o(i.TIM3_Init)
    TIM3_SetPWM                              0x08001e65   Thumb Code    14  tim3.o(i.TIM3_SetPWM)
    TIM_Cmd                                  0x08001e79   Thumb Code    24  stm32f10x_tim.o(i.TIM_Cmd)
    TIM_OC2Init                              0x08001e91   Thumb Code   154  stm32f10x_tim.o(i.TIM_OC2Init)
    TIM_OC2PreloadConfig                     0x08001f35   Thumb Code    26  stm32f10x_tim.o(i.TIM_OC2PreloadConfig)
    TIM_SetCompare2                          0x08001f4f   Thumb Code     4  stm32f10x_tim.o(i.TIM_SetCompare2)
    TIM_TimeBaseInit                         0x08001f55   Thumb Code   122  stm32f10x_tim.o(i.TIM_TimeBaseInit)
    USART1_IRQHandler                        0x08001ff9   Thumb Code   122  usart.o(i.USART1_IRQHandler)
    USART_GetITStatus                        0x08002081   Thumb Code    84  stm32f10x_usart.o(i.USART_GetITStatus)
    USART_ReceiveData                        0x080020d5   Thumb Code    10  stm32f10x_usart.o(i.USART_ReceiveData)
    USBWakeUp_IRQHandler                     0x080020df   Thumb Code    12  hw_config.o(i.USBWakeUp_IRQHandler)
    USB_Cable_Config                         0x080020eb   Thumb Code     2  hw_config.o(i.USB_Cable_Config)
    USB_Istr                                 0x080020ed   Thumb Code   422  usb_istr.o(i.USB_Istr)
    USB_LP_CAN1_RX0_IRQHandler               0x080022b9   Thumb Code     8  hw_config.o(i.USB_LP_CAN1_RX0_IRQHandler)
    USB_SIL_Init                             0x080022c1   Thumb Code    28  usb_sil.o(i.USB_SIL_Init)
    UsageFault_Handler                       0x080022e5   Thumb Code     4  stm32f10x_it.o(i.UsageFault_Handler)
    UserToPMABufferCopy                      0x080022e9   Thumb Code    52  usb_mem.o(i.UserToPMABufferCopy)
    _sys_exit                                0x08002321   Thumb Code     4  usart.o(i._sys_exit)
    delay_init                               0x08002325   Thumb Code    50  delay.o(i.delay_init)
    delay_ms                                 0x08002369   Thumb Code    72  delay.o(i.delay_ms)
    main                                     0x080023b5   Thumb Code    88  main.o(i.main)
    CustomHID_DeviceDescriptor               0x0800240c   Data          18  usb_desc.o(.constdata)
    CustomHID_ConfigDescriptor               0x0800241e   Data          41  usb_desc.o(.constdata)
    CustomHID_ReportDescriptor               0x08002447   Data          52  usb_desc.o(.constdata)
    CustomHID_StringLangID                   0x0800247b   Data           4  usb_desc.o(.constdata)
    CustomHID_StringVendor                   0x0800247f   Data          34  usb_desc.o(.constdata)
    CustomHID_StringProduct                  0x080024a1   Data          34  usb_desc.o(.constdata)
    Region$$Table$$Base                      0x080024c4   Number         0  anon$$obj.o(Region$$Table)
    Region$$Table$$Limit                     0x080024e4   Number         0  anon$$obj.o(Region$$Table)
    SystemCoreClock                          0x20000000   Data           4  system_stm32f10x.o(.data)
    AHBPrescTable                            0x20000004   Data          16  system_stm32f10x.o(.data)
    __stdout                                 0x20000018   Data           4  usart.o(.data)
    USART_RX_STA                             0x2000001c   Data           2  usart.o(.data)
    CustomHID_StringSerial                   0x2000001e   Data          36  usb_desc.o(.data)
    wIstr                                    0x20000044   Data           2  usb_istr.o(.data)
    bIntPackSOF                              0x20000046   Data           1  usb_istr.o(.data)
    esof_counter                             0x20000048   Data           4  usb_istr.o(.data)
    wCNTR                                    0x2000004c   Data           4  usb_istr.o(.data)
    pEpInt_IN                                0x20000050   Data          28  usb_istr.o(.data)
    pEpInt_OUT                               0x2000006c   Data          28  usb_istr.o(.data)
    ProtocolValue                            0x20000088   Data           4  usb_prop.o(.data)
    EXTI_Enable                              0x2000008c   Data           1  usb_prop.o(.data)
    Request                                  0x2000008d   Data           1  usb_prop.o(.data)
    Report_Buf                               0x2000008e   Data           2  usb_prop.o(.data)
    Device_Table                             0x20000090   Data           2  usb_prop.o(.data)
    Device_Property                          0x20000094   Data          48  usb_prop.o(.data)
    User_Standard_Requests                   0x200000c4   Data          36  usb_prop.o(.data)
    Device_Descriptor                        0x200000e8   Data           8  usb_prop.o(.data)
    Config_Descriptor                        0x200000f0   Data           8  usb_prop.o(.data)
    CustomHID_Report_Descriptor              0x200000f8   Data           8  usb_prop.o(.data)
    CustomHID_Hid_Descriptor                 0x20000100   Data           8  usb_prop.o(.data)
    String_Descriptor                        0x20000108   Data          32  usb_prop.o(.data)
    bDeviceState                             0x20000128   Data           4  usb_pwr.o(.data)
    fSuspendEnabled                          0x2000012c   Data           1  usb_pwr.o(.data)
    ResumeS                                  0x2000012d   Data           2  usb_pwr.o(.data)
    remotewakeupon                           0x20000130   Data           4  usb_pwr.o(.data)
    StatusInfo                               0x20000134   Data           2  usb_core.o(.data)
    Data_Mul_MaxPacketSize                   0x20000136   Data           1  usb_core.o(.data)
    EPindex                                  0x20000138   Data           1  usb_init.o(.data)
    pInformation                             0x2000013c   Data           4  usb_init.o(.data)
    pProperty                                0x20000140   Data           4  usb_init.o(.data)
    SaveState                                0x20000144   Data           2  usb_init.o(.data)
    wInterrupt_Mask                          0x20000146   Data           2  usb_init.o(.data)
    pUser_Standard_Requests                  0x20000148   Data           4  usb_init.o(.data)
    SaveRState                               0x2000014c   Data           2  usb_int.o(.data)
    SaveTState                               0x2000014e   Data           2  usb_int.o(.data)
    JBUSObj                                  0x20000150   Data        1304  jbus.o(.data)
    USART_RX_BUF                             0x2000066c   Data         200  usart.o(.bss)
    USB_TXBuffer                             0x20000734   Data        2100  hw_config.o(.bss)
    EP                                       0x20000f68   Data          32  usb_pwr.o(.bss)
    Device_Info                              0x20000f88   Data          28  usb_init.o(.bss)
    __libspace_start                         0x20000fa4   Data          96  libspace.o(.bss)
    __temporary_stack_top$libspace           0x20001004   Data           0  libspace.o(.bss)



==============================================================================

Memory Map of the image

  Image Entry point : 0x0800020d

  Load Region LR_1 (Base: 0x08000000, Size: 0x00002b50, Max: 0xffffffff, ABSOLUTE, COMPRESSED[0x0000257c])

    Execution Region ER_RO (Base: 0x08000000, Size: 0x000024e4, Max: 0xffffffff, ABSOLUTE)

    Base Addr    Size         Type   Attr      Idx    E Section Name        Object

    0x08000000   0x00000130   Data   RO          534    RESET               startup_stm32f10x_hd.o
    0x08000130   0x00000008   Code   RO         4818  * !!!main             c_w.l(__main.o)
    0x08000138   0x00000034   Code   RO         4977    !!!scatter          c_w.l(__scatter.o)
    0x0800016c   0x0000005a   Code   RO         4975    !!dczerorl2         c_w.l(__dczerorl2.o)
    0x080001c6   0x00000002   PAD
    0x080001c8   0x0000001c   Code   RO         4979    !!handler_zi        c_w.l(__scatter_zi.o)
    0x080001e4   0x00000002   Code   RO         4849    .ARM.Collect$$libinit$$00000000  c_w.l(libinit.o)
    0x080001e6   0x00000000   Code   RO         4856    .ARM.Collect$$libinit$$00000002  c_w.l(libinit2.o)
    0x080001e6   0x00000000   Code   RO         4858    .ARM.Collect$$libinit$$00000004  c_w.l(libinit2.o)
    0x080001e6   0x00000000   Code   RO         4861    .ARM.Collect$$libinit$$0000000A  c_w.l(libinit2.o)
    0x080001e6   0x00000000   Code   RO         4863    .ARM.Collect$$libinit$$0000000C  c_w.l(libinit2.o)
    0x080001e6   0x00000000   Code   RO         4865    .ARM.Collect$$libinit$$0000000E  c_w.l(libinit2.o)
    0x080001e6   0x00000000   Code   RO         4868    .ARM.Collect$$libinit$$00000011  c_w.l(libinit2.o)
    0x080001e6   0x00000000   Code   RO         4870    .ARM.Collect$$libinit$$00000013  c_w.l(libinit2.o)
    0x080001e6   0x00000000   Code   RO         4872    .ARM.Collect$$libinit$$00000015  c_w.l(libinit2.o)
    0x080001e6   0x00000000   Code   RO         4874    .ARM.Collect$$libinit$$00000017  c_w.l(libinit2.o)
    0x080001e6   0x00000000   Code   RO         4876    .ARM.Collect$$libinit$$00000019  c_w.l(libinit2.o)
    0x080001e6   0x00000000   Code   RO         4878    .ARM.Collect$$libinit$$0000001B  c_w.l(libinit2.o)
    0x080001e6   0x00000000   Code   RO         4880    .ARM.Collect$$libinit$$0000001D  c_w.l(libinit2.o)
    0x080001e6   0x00000000   Code   RO         4882    .ARM.Collect$$libinit$$0000001F  c_w.l(libinit2.o)
    0x080001e6   0x00000000   Code   RO         4884    .ARM.Collect$$libinit$$00000021  c_w.l(libinit2.o)
    0x080001e6   0x00000000   Code   RO         4886    .ARM.Collect$$libinit$$00000023  c_w.l(libinit2.o)
    0x080001e6   0x00000000   Code   RO         4888    .ARM.Collect$$libinit$$00000025  c_w.l(libinit2.o)
    0x080001e6   0x00000000   Code   RO         4892    .ARM.Collect$$libinit$$0000002C  c_w.l(libinit2.o)
    0x080001e6   0x00000000   Code   RO         4894    .ARM.Collect$$libinit$$0000002E  c_w.l(libinit2.o)
    0x080001e6   0x00000000   Code   RO         4896    .ARM.Collect$$libinit$$00000030  c_w.l(libinit2.o)
    0x080001e6   0x00000000   Code   RO         4898    .ARM.Collect$$libinit$$00000032  c_w.l(libinit2.o)
    0x080001e6   0x00000002   Code   RO         4899    .ARM.Collect$$libinit$$00000033  c_w.l(libinit2.o)
    0x080001e8   0x00000002   Code   RO         4917    .ARM.Collect$$libshutdown$$00000000  c_w.l(libshutdown.o)
    0x080001ea   0x00000000   Code   RO         4927    .ARM.Collect$$libshutdown$$00000002  c_w.l(libshutdown2.o)
    0x080001ea   0x00000000   Code   RO         4929    .ARM.Collect$$libshutdown$$00000004  c_w.l(libshutdown2.o)
    0x080001ea   0x00000000   Code   RO         4932    .ARM.Collect$$libshutdown$$00000007  c_w.l(libshutdown2.o)
    0x080001ea   0x00000000   Code   RO         4935    .ARM.Collect$$libshutdown$$0000000A  c_w.l(libshutdown2.o)
    0x080001ea   0x00000000   Code   RO         4937    .ARM.Collect$$libshutdown$$0000000C  c_w.l(libshutdown2.o)
    0x080001ea   0x00000000   Code   RO         4940    .ARM.Collect$$libshutdown$$0000000F  c_w.l(libshutdown2.o)
    0x080001ea   0x00000002   Code   RO         4941    .ARM.Collect$$libshutdown$$00000010  c_w.l(libshutdown2.o)
    0x080001ec   0x00000000   Code   RO         4822    .ARM.Collect$$rtentry$$00000000  c_w.l(__rtentry.o)
    0x080001ec   0x00000000   Code   RO         4826    .ARM.Collect$$rtentry$$00000002  c_w.l(__rtentry2.o)
    0x080001ec   0x00000006   Code   RO         4838    .ARM.Collect$$rtentry$$00000004  c_w.l(__rtentry4.o)
    0x080001f2   0x00000000   Code   RO         4828    .ARM.Collect$$rtentry$$00000009  c_w.l(__rtentry2.o)
    0x080001f2   0x00000004   Code   RO         4829    .ARM.Collect$$rtentry$$0000000A  c_w.l(__rtentry2.o)
    0x080001f6   0x00000000   Code   RO         4831    .ARM.Collect$$rtentry$$0000000C  c_w.l(__rtentry2.o)
    0x080001f6   0x00000008   Code   RO         4832    .ARM.Collect$$rtentry$$0000000D  c_w.l(__rtentry2.o)
    0x080001fe   0x00000002   Code   RO         4853    .ARM.Collect$$rtexit$$00000000  c_w.l(rtexit.o)
    0x08000200   0x00000000   Code   RO         4901    .ARM.Collect$$rtexit$$00000002  c_w.l(rtexit2.o)
    0x08000200   0x00000004   Code   RO         4902    .ARM.Collect$$rtexit$$00000003  c_w.l(rtexit2.o)
    0x08000204   0x00000006   Code   RO         4903    .ARM.Collect$$rtexit$$00000004  c_w.l(rtexit2.o)
    0x0800020a   0x00000002   PAD
    0x0800020c   0x00000040   Code   RO          535  * .text               startup_stm32f10x_hd.o
    0x0800024c   0x00000002   Code   RO         4810    .text               c_w.l(use_no_semi_2.o)
    0x0800024e   0x00000006   Code   RO         4816    .text               c_w.l(heapauxi.o)
    0x08000254   0x00000002   Code   RO         4820    .text               c_w.l(use_no_semi.o)
    0x08000256   0x0000004a   Code   RO         4840    .text               c_w.l(sys_stackheap_outer.o)
    0x080002a0   0x00000012   Code   RO         4842    .text               c_w.l(exit.o)
    0x080002b2   0x00000002   PAD
    0x080002b4   0x00000008   Code   RO         4850    .text               c_w.l(libspace.o)
    0x080002bc   0x00000016   Code   RO          606    i.ADC_SoftwareStartConvCmd  stm32f10x_adc.o
    0x080002d2   0x00000004   Code   RO          167    i.BusFault_Handler  stm32f10x_it.o
    0x080002d6   0x0000000c   Code   RO         4228    i.ByteSwap          usb_regs.o
    0x080002e2   0x00000002   PAD
    0x080002e4   0x00000288   Code   RO         4181    i.CTR_LP            usb_int.o
    0x0800056c   0x00000034   Code   RO         4229    i.ClearDTOG_RX      usb_regs.o
    0x080005a0   0x00000034   Code   RO         4230    i.ClearDTOG_TX      usb_regs.o
    0x080005d4   0x00000028   Code   RO         4235    i.Clear_Status_Out  usb_regs.o
    0x080005fc   0x000000a0   Code   RO         3876    i.CustomHID_Data_Setup  usb_prop.o
    0x0800069c   0x00000014   Code   RO         3877    i.CustomHID_GetConfigDescriptor  usb_prop.o
    0x080006b0   0x00000014   Code   RO         3878    i.CustomHID_GetDeviceDescriptor  usb_prop.o
    0x080006c4   0x00000014   Code   RO         3879    i.CustomHID_GetHIDDescriptor  usb_prop.o
    0x080006d8   0x0000001c   Code   RO         3880    i.CustomHID_GetProtocolValue  usb_prop.o
    0x080006f4   0x00000014   Code   RO         3881    i.CustomHID_GetReportDescriptor  usb_prop.o
    0x08000708   0x00000028   Code   RO         3882    i.CustomHID_GetStringDescriptor  usb_prop.o
    0x08000730   0x00000016   Code   RO         3883    i.CustomHID_Get_Interface_Setting  usb_prop.o
    0x08000746   0x00000002   PAD
    0x08000748   0x00000024   Code   RO         3884    i.CustomHID_NoData_Setup  usb_prop.o
    0x0800076c   0x000000b0   Code   RO         3885    i.CustomHID_Reset   usb_prop.o
    0x0800081c   0x00000028   Code   RO         3886    i.CustomHID_SetConfiguration  usb_prop.o
    0x08000844   0x0000000c   Code   RO         3887    i.CustomHID_SetDeviceAddress  usb_prop.o
    0x08000850   0x00000018   Code   RO         3888    i.CustomHID_SetProtocol  usb_prop.o
    0x08000868   0x0000001c   Code   RO         3889    i.CustomHID_SetReport_Feature  usb_prop.o
    0x08000884   0x00000002   Code   RO         3890    i.CustomHID_Status_In  usb_prop.o
    0x08000886   0x00000002   Code   RO         3891    i.CustomHID_Status_Out  usb_prop.o
    0x08000888   0x00000028   Code   RO         3892    i.CustomHID_init    usb_prop.o
    0x080008b0   0x000000c0   Code   RO         4038    i.DataStageIn       usb_core.o
    0x08000970   0x000000bc   Code   RO         4039    i.DataStageOut      usb_core.o
    0x08000a2c   0x00000298   Code   RO         4040    i.Data_Setup0       usb_core.o
    0x08000cc4   0x00000002   Code   RO          168    i.DebugMon_Handler  stm32f10x_it.o
    0x08000cc6   0x00000002   Code   RO         3827    i.EP1_IN_Callback   usb_endp.o
    0x08000cc8   0x00000034   Code   RO         3828    i.EP1_OUT_Callback  usb_endp.o
    0x08000cfc   0x0000000c   Code   RO         1337    i.EXTI_ClearITPendingBit  stm32f10x_exti.o
    0x08000d08   0x0000000c   Code   RO         3633    i.Enter_LowPowerMode  hw_config.o
    0x08000d14   0x00000116   Code   RO         1690    i.GPIO_Init         stm32f10x_gpio.o
    0x08000e2a   0x00000002   PAD
    0x08000e2c   0x00000090   Code   RO         1692    i.GPIO_PinRemapConfig  stm32f10x_gpio.o
    0x08000ebc   0x00000020   Code   RO         4247    i.GetEPRxAddr       usb_regs.o
    0x08000edc   0x00000024   Code   RO         4248    i.GetEPRxCount      usb_regs.o
    0x08000f00   0x00000020   Code   RO         4250    i.GetEPTxAddr       usb_regs.o
    0x08000f20   0x00000034   Code   RO         3634    i.Get_SerialNum     hw_config.o
    0x08000f54   0x00000004   Code   RO          169    i.HardFault_Handler  stm32f10x_it.o
    0x08000f58   0x00000070   Code   RO         4041    i.In0_Process       usb_core.o
    0x08000fc8   0x0000003e   Code   RO         3635    i.IntToUnicode      hw_config.o
    0x08001006   0x00000002   PAD
    0x08001008   0x000000b4   Code   RO         4707    i.JBUS_DataRecCb    jbus.o
    0x080010bc   0x00000020   Code   RO         3636    i.Leave_LowPowerMode  hw_config.o
    0x080010dc   0x00000004   Code   RO          170    i.MemManage_Handler  stm32f10x_it.o
    0x080010e0   0x00000002   Code   RO          171    i.NMI_Handler       stm32f10x_it.o
    0x080010e2   0x00000002   Code   RO         4042    i.NOP_Process       usb_core.o
    0x080010e4   0x00000138   Code   RO         4043    i.NoData_Setup0     usb_core.o
    0x0800121c   0x00000050   Code   RO         4044    i.Out0_Process      usb_core.o
    0x0800126c   0x00000028   Code   RO         4210    i.PMAToUserBufferCopy  usb_mem.o
    0x08001294   0x00000002   Code   RO          172    i.PendSV_Handler    stm32f10x_it.o
    0x08001296   0x00000002   PAD
    0x08001298   0x00000048   Code   RO         4045    i.Post0_Process     usb_core.o
    0x080012e0   0x00000040   Code   RO         3996    i.PowerOn           usb_pwr.o
    0x08001320   0x00000020   Code   RO         2106    i.RCC_APB1PeriphClockCmd  stm32f10x_rcc.o
    0x08001340   0x00000020   Code   RO         2108    i.RCC_APB2PeriphClockCmd  stm32f10x_rcc.o
    0x08001360   0x000000d0   Code   RO         3997    i.Resume            usb_pwr.o
    0x08001430   0x00000024   Code   RO         3998    i.Resume_Init       usb_pwr.o
    0x08001454   0x00000002   Code   RO          173    i.SVC_Handler       stm32f10x_it.o
    0x08001456   0x00000002   PAD
    0x08001458   0x00000010   Code   RO         4258    i.SetBTABLE         usb_regs.o
    0x08001468   0x00000050   Code   RO         4046    i.SetDeviceAddress  usb_core.o
    0x080014b8   0x00000024   Code   RO         4272    i.SetEPRxAddr       usb_regs.o
    0x080014dc   0x0000004c   Code   RO         4273    i.SetEPRxCount      usb_regs.o
    0x08001528   0x00000040   Code   RO         4274    i.SetEPRxStatus     usb_regs.o
    0x08001568   0x00000034   Code   RO         4275    i.SetEPRxValid      usb_regs.o
    0x0800159c   0x00000020   Code   RO         4276    i.SetEPTxAddr       usb_regs.o
    0x080015bc   0x0000001c   Code   RO         4277    i.SetEPTxCount      usb_regs.o
    0x080015d8   0x00000040   Code   RO         4278    i.SetEPTxStatus     usb_regs.o
    0x08001618   0x00000024   Code   RO         4280    i.SetEPType         usb_regs.o
    0x0800163c   0x00000008   Code   RO          230    i.SetSysClock       system_stm32f10x.o
    0x08001644   0x000000e0   Code   RO          231    i.SetSysClockTo72   system_stm32f10x.o
    0x08001724   0x000000b8   Code   RO         4047    i.Setup0_Process    usb_core.o
    0x080017dc   0x0000016c   Code   RO         4048    i.Standard_ClearFeature  usb_core.o
    0x08001948   0x0000002c   Code   RO         4049    i.Standard_GetConfiguration  usb_core.o
    0x08001974   0x00000024   Code   RO         4050    i.Standard_GetDescriptorData  usb_core.o
    0x08001998   0x0000002c   Code   RO         4051    i.Standard_GetInterface  usb_core.o
    0x080019c4   0x00000100   Code   RO         4052    i.Standard_GetStatus  usb_core.o
    0x08001ac4   0x00000048   Code   RO         4053    i.Standard_SetConfiguration  usb_core.o
    0x08001b0c   0x00000028   Code   RO         4054    i.Standard_SetDeviceFeature  usb_core.o
    0x08001b34   0x000000d0   Code   RO         4055    i.Standard_SetEndPointFeature  usb_core.o
    0x08001c04   0x0000006c   Code   RO         4056    i.Standard_SetInterface  usb_core.o
    0x08001c70   0x0000009c   Code   RO         3999    i.Suspend           usb_pwr.o
    0x08001d0c   0x00000028   Code   RO          543    i.SysTick_CLKSourceConfig  misc.o
    0x08001d34   0x00000002   Code   RO          174    i.SysTick_Handler   stm32f10x_it.o
    0x08001d36   0x00000002   PAD
    0x08001d38   0x00000060   Code   RO          233    i.SystemInit        system_stm32f10x.o
    0x08001d98   0x000000cc   Code   RO         4743    i.TIM3_Init         tim3.o
    0x08001e64   0x00000014   Code   RO         4752    i.TIM3_SetPWM       tim3.o
    0x08001e78   0x00000018   Code   RO         2740    i.TIM_Cmd           stm32f10x_tim.o
    0x08001e90   0x000000a4   Code   RO         2774    i.TIM_OC2Init       stm32f10x_tim.o
    0x08001f34   0x0000001a   Code   RO         2777    i.TIM_OC2PreloadConfig  stm32f10x_tim.o
    0x08001f4e   0x00000004   Code   RO         2802    i.TIM_SetCompare2   stm32f10x_tim.o
    0x08001f52   0x00000002   PAD
    0x08001f54   0x000000a4   Code   RO         2811    i.TIM_TimeBaseInit  stm32f10x_tim.o
    0x08001ff8   0x00000088   Code   RO          481    i.USART1_IRQHandler  usart.o
    0x08002080   0x00000054   Code   RO         3280    i.USART_GetITStatus  stm32f10x_usart.o
    0x080020d4   0x0000000a   Code   RO         3290    i.USART_ReceiveData  stm32f10x_usart.o
    0x080020de   0x0000000c   Code   RO         3638    i.USBWakeUp_IRQHandler  hw_config.o
    0x080020ea   0x00000002   Code   RO         3639    i.USB_Cable_Config  hw_config.o
    0x080020ec   0x000001cc   Code   RO         3851    i.USB_Istr          usb_istr.o
    0x080022b8   0x00000008   Code   RO         3641    i.USB_LP_CAN1_RX0_IRQHandler  hw_config.o
    0x080022c0   0x00000024   Code   RO         4588    i.USB_SIL_Init      usb_sil.o
    0x080022e4   0x00000004   Code   RO          175    i.UsageFault_Handler  stm32f10x_it.o
    0x080022e8   0x00000038   Code   RO         4211    i.UserToPMABufferCopy  usb_mem.o
    0x08002320   0x00000004   Code   RO          482    i._sys_exit         usart.o
    0x08002324   0x00000044   Code   RO          426    i.delay_init        delay.o
    0x08002368   0x0000004c   Code   RO          427    i.delay_ms          delay.o
    0x080023b4   0x00000058   Code   RO            5    i.main              main.o
    0x0800240c   0x000000b7   Data   RO         3792    .constdata          usb_desc.o
    0x080024c3   0x00000001   PAD
    0x080024c4   0x00000020   Data   RO         4973    Region$$Table       anon$$obj.o


    Execution Region ER_RW (Base: 0x20000000, Size: 0x0000066c, Max: 0xffffffff, ABSOLUTE, COMPRESSED[0x00000098])

    Base Addr    Size         Type   Attr      Idx    E Section Name        Object

    0x20000000   0x00000014   Data   RW          234    .data               system_stm32f10x.o
    0x20000014   0x00000004   Data   RW          429    .data               delay.o
    0x20000018   0x00000006   Data   RW          486    .data               usart.o
    0x2000001e   0x00000024   Data   RW         3793    .data               usb_desc.o
    0x20000042   0x00000002   PAD
    0x20000044   0x00000044   Data   RW         3852    .data               usb_istr.o
    0x20000088   0x000000a0   Data   RW         3893    .data               usb_prop.o
    0x20000128   0x0000000c   Data   RW         4001    .data               usb_pwr.o
    0x20000134   0x00000003   Data   RW         4057    .data               usb_core.o
    0x20000137   0x00000001   PAD
    0x20000138   0x00000014   Data   RW         4159    .data               usb_init.o
    0x2000014c   0x00000004   Data   RW         4182    .data               usb_int.o
    0x20000150   0x00000519   Data   RW         4627    .data               jbus.o


    Execution Region ER_ZI (Base: 0x2000066c, Size: 0x00000f9c, Max: 0xffffffff, ABSOLUTE)

    Base Addr    Size         Type   Attr      Idx    E Section Name        Object

    0x2000066c   0x000000c8   Zero   RW          485    .bss                usart.o
    0x20000734   0x00000834   Zero   RW         3646    .bss                hw_config.o
    0x20000f68   0x00000020   Zero   RW         4000    .bss                usb_pwr.o
    0x20000f88   0x0000001c   Zero   RW         4158    .bss                usb_init.o
    0x20000fa4   0x00000060   Zero   RW         4851    .bss                c_w.l(libspace.o)
    0x20001004   0x00000004   PAD
    0x20001008   0x00000200   Zero   RW          533    HEAP                startup_stm32f10x_hd.o
    0x20001208   0x00000400   Zero   RW          532    STACK               startup_stm32f10x_hd.o


==============================================================================

Image component sizes


      Code (inc. data)   RO Data    RW Data    ZI Data      Debug   Object Name

       144         22          0          4          0       1116   delay.o
       180         24          0          0       2100       7889   hw_config.o
       180         10          0       1305          0       2995   jbus.o
         0          0          0          0          0     210684   lcdui.o
        88          0          0          0          0      39631   main.o
        40          0          0          0          0        494   misc.o
        64         26        304          0       1536        776   startup_stm32f10x_hd.o
        22          0          0          0          0       2687   stm32f10x_adc.o
        12          6          0          0          0        497   stm32f10x_exti.o
       422          6          0          0          0       2838   stm32f10x_gpio.o
        26          0          0          0          0       3450   stm32f10x_it.o
        64         12          0          0          0       1082   stm32f10x_rcc.o
       382         52          0          0          0       3540   stm32f10x_tim.o
        94          0          0          0          0       2776   stm32f10x_usart.o
         0          0          0          0          0         32   sys.o
       328         28          0         20          0       2065   system_stm32f10x.o
       224         28          0          0          0       1310   tim3.o
       140         14          0          6        200       2892   usart.o
      3058        288          0          3          0      13871   usb_core.o
         0          0        183         36          0       4276   usb_desc.o
        54          0          0          0          0        965   usb_endp.o
         0          0          0         20         28       3635   usb_init.o
       648         32          0          4          0       1760   usb_int.o
       460         38          0         68          0       1691   usb_istr.o
        96         10          0          0          0       1780   usb_mem.o
       690        128          0        160          0      13106   usb_prop.o
       464         52          0         12         32       3660   usb_pwr.o
       660         96          0          0          0       8724   usb_regs.o
        36          8          0          0          0        451   usb_sil.o

    ----------------------------------------------------------------------
      8592        880        520       1644       3896     340673   Object Totals
         0          0         32          0          0          0   (incl. Generated)
        16          0          1          6          0          0   (incl. Padding)

    ----------------------------------------------------------------------

      Code (inc. data)   RO Data    RW Data    ZI Data      Debug   Library Member Name

        90          0          0          0          0          0   __dczerorl2.o
         8          0          0          0          0         68   __main.o
         0          0          0          0          0          0   __rtentry.o
        12          0          0          0          0          0   __rtentry2.o
         6          0          0          0          0          0   __rtentry4.o
        52          8          0          0          0          0   __scatter.o
        28          0          0          0          0          0   __scatter_zi.o
        18          0          0          0          0         80   exit.o
         6          0          0          0          0        152   heapauxi.o
         2          0          0          0          0          0   libinit.o
         2          0          0          0          0          0   libinit2.o
         2          0          0          0          0          0   libshutdown.o
         2          0          0          0          0          0   libshutdown2.o
         8          4          0          0         96         68   libspace.o
         2          0          0          0          0          0   rtexit.o
        10          0          0          0          0          0   rtexit2.o
        74          0          0          0          0         80   sys_stackheap_outer.o
         2          0          0          0          0         68   use_no_semi.o
         2          0          0          0          0         68   use_no_semi_2.o

    ----------------------------------------------------------------------
       332         12          0          0        100        584   Library Totals
         6          0          0          0          4          0   (incl. Padding)

    ----------------------------------------------------------------------

      Code (inc. data)   RO Data    RW Data    ZI Data      Debug   Library Name

       326         12          0          0         96        584   c_w.l

    ----------------------------------------------------------------------
       332         12          0          0        100        584   Library Totals

    ----------------------------------------------------------------------

==============================================================================


      Code (inc. data)   RO Data    RW Data    ZI Data      Debug   

      8924        892        520       1644       3996     335949   Grand Totals
      8924        892        520        152       3996     335949   ELF Image Totals (compressed)
      8924        892        520        152          0          0   ROM Totals

==============================================================================

    Total RO  Size (Code + RO Data)                 9444 (   9.22kB)
    Total RW  Size (RW Data + ZI Data)              5640 (   5.51kB)
    Total ROM Size (Code + RO Data + RW Data)       9596 (   9.37kB)

==============================================================================

